Component: ARM Compiler 6.16 Tool: armlink [5dfeaa00]

==============================================================================

Section Cross References

    appsensoreparcheggio.o(.ARM.exidx.text.AppSensoreParcheggioInit) refers to appsensoreparcheggio.o(.text.AppSensoreParcheggioInit) for [Anonymous Symbol]
    appsensoreparcheggio.o(.ARM.exidx.text.AppSensoreParcheggioTask) refers to appsensoreparcheggio.o(.text.AppSensoreParcheggioTask) for [Anonymous Symbol]
    interrupt.o(.text.InterruptInit) refers to interrupt.o(.text.setIntPulsPA0) for setIntPulsPA0
    interrupt.o(.text.InterruptInit) refers to interrupt.o(.text.setIntPulsPA1) for setIntPulsPA1
    interrupt.o(.text.InterruptInit) refers to interrupt.o(.text.setIntPulsPA2) for setIntPulsPA2
    interrupt.o(.text.InterruptInit) refers to interrupt.o(.text.setIntPulsPA3) for setIntPulsPA3
    interrupt.o(.text.InterruptInit) refers to interrupt.o(.text.setIntPulsPA5) for setIntPulsPA5
    interrupt.o(.ARM.exidx.text.InterruptInit) refers to interrupt.o(.text.InterruptInit) for [Anonymous Symbol]
    interrupt.o(.text.setIntPulsPA0) refers to interrupt.o(.text.__NVIC_SetPriority) for __NVIC_SetPriority
    interrupt.o(.text.setIntPulsPA0) refers to interrupt.o(.text.__NVIC_EnableIRQ) for __NVIC_EnableIRQ
    interrupt.o(.ARM.exidx.text.setIntPulsPA0) refers to interrupt.o(.text.setIntPulsPA0) for [Anonymous Symbol]
    interrupt.o(.text.setIntPulsPA1) refers to interrupt.o(.text.__NVIC_SetPriority) for __NVIC_SetPriority
    interrupt.o(.text.setIntPulsPA1) refers to interrupt.o(.text.__NVIC_EnableIRQ) for __NVIC_EnableIRQ
    interrupt.o(.ARM.exidx.text.setIntPulsPA1) refers to interrupt.o(.text.setIntPulsPA1) for [Anonymous Symbol]
    interrupt.o(.text.setIntPulsPA2) refers to interrupt.o(.text.__NVIC_SetPriority) for __NVIC_SetPriority
    interrupt.o(.text.setIntPulsPA2) refers to interrupt.o(.text.__NVIC_EnableIRQ) for __NVIC_EnableIRQ
    interrupt.o(.ARM.exidx.text.setIntPulsPA2) refers to interrupt.o(.text.setIntPulsPA2) for [Anonymous Symbol]
    interrupt.o(.text.setIntPulsPA3) refers to interrupt.o(.text.__NVIC_SetPriority) for __NVIC_SetPriority
    interrupt.o(.text.setIntPulsPA3) refers to interrupt.o(.text.__NVIC_EnableIRQ) for __NVIC_EnableIRQ
    interrupt.o(.ARM.exidx.text.setIntPulsPA3) refers to interrupt.o(.text.setIntPulsPA3) for [Anonymous Symbol]
    interrupt.o(.text.setIntPulsPA5) refers to interrupt.o(.text.__NVIC_SetPriority) for __NVIC_SetPriority
    interrupt.o(.text.setIntPulsPA5) refers to interrupt.o(.text.__NVIC_EnableIRQ) for __NVIC_EnableIRQ
    interrupt.o(.ARM.exidx.text.setIntPulsPA5) refers to interrupt.o(.text.setIntPulsPA5) for [Anonymous Symbol]
    interrupt.o(.ARM.exidx.text.__NVIC_SetPriority) refers to interrupt.o(.text.__NVIC_SetPriority) for [Anonymous Symbol]
    interrupt.o(.ARM.exidx.text.__NVIC_EnableIRQ) refers to interrupt.o(.text.__NVIC_EnableIRQ) for [Anonymous Symbol]
    interrupt.o(.text.EXTI0_IRQHandler) refers to led.o(.text.LedGreenOff) for LedGreenOff
    interrupt.o(.ARM.exidx.text.EXTI0_IRQHandler) refers to interrupt.o(.text.EXTI0_IRQHandler) for [Anonymous Symbol]
    interrupt.o(.text.EXTI1_IRQHandler) refers to led.o(.text.LedRedOn) for LedRedOn
    interrupt.o(.ARM.exidx.text.EXTI1_IRQHandler) refers to interrupt.o(.text.EXTI1_IRQHandler) for [Anonymous Symbol]
    interrupt.o(.text.EXTI2_IRQHandler) refers to led.o(.text.LedRedOff) for LedRedOff
    interrupt.o(.ARM.exidx.text.EXTI2_IRQHandler) refers to interrupt.o(.text.EXTI2_IRQHandler) for [Anonymous Symbol]
    interrupt.o(.text.EXTI3_IRQHandler) refers to led.o(.text.LedGreenOn) for LedGreenOn
    interrupt.o(.ARM.exidx.text.EXTI3_IRQHandler) refers to interrupt.o(.text.EXTI3_IRQHandler) for [Anonymous Symbol]
    interrupt.o(.text.EXTI9_5_IRQHandler) refers to led.o(.text.LedGreenToggle) for LedGreenToggle
    interrupt.o(.text.EXTI9_5_IRQHandler) refers to led.o(.text.LedRedToggle) for LedRedToggle
    interrupt.o(.ARM.exidx.text.EXTI9_5_IRQHandler) refers to interrupt.o(.text.EXTI9_5_IRQHandler) for [Anonymous Symbol]
    lcd.o(.text) refers (Special) to _printf_f.o(.ARM.Collect$$_printf_percent$$00000003) for _printf_f
    lcd.o(.text) refers (Special) to printf1.o(x$fpl$printf1) for _printf_fp_dec
    lcd.o(.text) refers (Special) to _printf_percent.o(.ARM.Collect$$_printf_percent$$00000000) for _printf_percent
    lcd.o(.text.delayLCD) refers (Special) to _printf_f.o(.ARM.Collect$$_printf_percent$$00000003) for _printf_f
    lcd.o(.text.delayLCD) refers (Special) to printf1.o(x$fpl$printf1) for _printf_fp_dec
    lcd.o(.text.delayLCD) refers (Special) to _printf_percent.o(.ARM.Collect$$_printf_percent$$00000000) for _printf_percent
    lcd.o(.ARM.exidx.text.delayLCD) refers (Special) to _printf_f.o(.ARM.Collect$$_printf_percent$$00000003) for _printf_f
    lcd.o(.ARM.exidx.text.delayLCD) refers (Special) to printf1.o(x$fpl$printf1) for _printf_fp_dec
[...]
    Removing led.o(.ARM.exidx.text.LedRedCheck), (8 bytes).
    Removing led.o(.text.LedRedTask), (100 bytes).
    Removing led.o(.ARM.exidx.text.LedRedTask), (8 bytes).
    Removing led.o(.ARM.exidx.text.LedGreenOff), (8 bytes).
    Removing led.o(.ARM.exidx.text.LedGreenToggle), (8 bytes).
    Removing led.o(.ARM.exidx.text.LedGreenCheck), (8 bytes).
    Removing led.o(.ARM.exidx.text.LedGreenTask), (8 bytes).
    Removing led.o(.bss.LedRedTask.tiniziale), (4 bytes).
    Removing led.o(.bss.LedRedTask.inizio), (1 bytes).
    Removing main.o(.text), (0 bytes).
    Removing main.o(.ARM.exidx.text.main), (8 bytes).
    Removing main.o(.ARM.use_no_argv), (4 bytes).
    Removing puls.o(.text), (0 bytes).
    Removing puls.o(.ARM.exidx.text.PulsInit), (8 bytes).
    Removing puls.o(.text.PulsCxPress), (14 bytes).
    Removing puls.o(.ARM.exidx.text.PulsCxPress), (8 bytes).
    Removing puls.o(.text.PulsSxPress), (14 bytes).
    Removing puls.o(.ARM.exidx.text.PulsSxPress), (8 bytes).
    Removing puls.o(.text.PulsDxPress), (14 bytes).
    Removing puls.o(.ARM.exidx.text.PulsDxPress), (8 bytes).
    Removing puls.o(.text.PulsUpPress), (14 bytes).
    Removing puls.o(.ARM.exidx.text.PulsUpPress), (8 bytes).
    Removing puls.o(.text.PulsDwPress), (14 bytes).
    Removing puls.o(.ARM.exidx.text.PulsDwPress), (8 bytes).
    Removing puls.o(.text.pulseInPA0), (36 bytes).
    Removing puls.o(.ARM.exidx.text.pulseInPA0), (8 bytes).
    Removing puls.o(.text.pulseInPA1), (36 bytes).
    Removing puls.o(.ARM.exidx.text.pulseInPA1), (8 bytes).
    Removing puls.o(.text.pulseInPA2), (36 bytes).
    Removing puls.o(.ARM.exidx.text.pulseInPA2), (8 bytes).
    Removing puls.o(.text.pulseInPA3), (36 bytes).
    Removing puls.o(.ARM.exidx.text.pulseInPA3), (8 bytes).
    Removing puls.o(.text.pulseInPA5), (36 bytes).
    Removing puls.o(.ARM.exidx.text.pulseInPA5), (8 bytes).
    Removing sysclock.o(.text), (0 bytes).
    Removing sysclock.o(.text.MSIInit), (92 bytes).
    Removing sysclock.o(.ARM.exidx.text.MSIInit), (8 bytes).
    Removing sysclock.o(.ARM.exidx.text.pllInit), (8 bytes).
    Removing sysclock.o(.ARM.exidx.text.SysClockInit), (8 bytes).
    Removing sysclock.o(.ARM.exidx.text.SysTick_Config), (8 bytes).
    Removing sysclock.o(.ARM.exidx.text.SysTick_Handler), (8 bytes).
    Removing sysclock.o(.ARM.exidx.text.micros), (8 bytes).
    Removing sysclock.o(.text.delayMicroseconds), (36 bytes).
    Removing sysclock.o(.ARM.exidx.text.delayMicroseconds), (8 bytes).
    Removing sysclock.o(.ARM.exidx.text.millis), (8 bytes).
    Removing sysclock.o(.text.delay), (36 bytes).
    Removing sysclock.o(.ARM.exidx.text.delay), (8 bytes).
    Removing sysclock.o(.ARM.exidx.text.__NVIC_SetPriority), (8 bytes).
    Removing systick.o(.text), (0 bytes).
    Removing systick.o(.text.SystickInit), (38 bytes).
    Removing systick.o(.ARM.exidx.text.SystickInit), (8 bytes).
    Removing systick.o(.text.DelaySystick1Ms), (30 bytes).
    Removing systick.o(.ARM.exidx.text.DelaySystick1Ms), (8 bytes).
    Removing ultrasuoni.o(.text), (0 bytes).
    Removing ultrasuoni.o(.ARM.exidx.text.UsInit), (8 bytes).
    Removing ultrasuoni.o(.ARM.exidx.text.EchoInterrupt), (8 bytes).
    Removing ultrasuoni.o(.ARM.exidx.text.TrigOn), (8 bytes).
    Removing ultrasuoni.o(.ARM.exidx.text.TrigOff), (8 bytes).
    Removing ultrasuoni.o(.ARM.exidx.text.TrigCheck), (8 bytes).
    Removing ultrasuoni.o(.ARM.exidx.text.TrigTask), (8 bytes).
    Removing ultrasuoni.o(.ARM.exidx.text.__NVIC_SetPriority), (8 bytes).
    Removing ultrasuoni.o(.ARM.exidx.text.__NVIC_EnableIRQ), (8 bytes).
    Removing ultrasuoni.o(.ARM.exidx.text.EXTI15_10_IRQHandler), (8 bytes).
    Removing ultrasuoni.o(.ARM.exidx.text.StampoValore), (8 bytes).
    Removing ultrasuoni.o(.ARM.exidx.text.ControlloMisura), (8 bytes).
    Removing ultrasuoni.o(.ARM.exidx.text.CalcoloTempiLampeggio), (8 bytes).
    Removing ultrasuoni.o(.ARM.exidx.text.Sensore_lampeggio), (8 bytes).
    Removing system_stm32l4xx.o(.text), (0 bytes).
    Removing system_stm32l4xx.o(.ARM.exidx.text.SystemInit), (8 bytes).
    Removing system_stm32l4xx.o(.ARM.exidx.text.SystemCoreClockUpdate), (8 bytes).
    Removing system_stm32l4xx.o(.rodata.APBPrescTable), (8 bytes).

139 unused section(s) (total 1929 bytes) removed from the image.

==============================================================================

Image Symbol Table

    Local Symbols

    Symbol Name                              Value     Ov Type        Size  Object(Section)

    ../clib/angel/boardlib.s                 0x00000000   Number         0  boardinit1.o ABSOLUTE
    ../clib/angel/boardlib.s                 0x00000000   Number         0  boardinit2.o ABSOLUTE
    ../clib/angel/boardlib.s                 0x00000000   Number         0  boardinit3.o ABSOLUTE
    ../clib/angel/boardlib.s                 0x00000000   Number         0  boardshut.o ABSOLUTE
    ../clib/angel/handlers.s                 0x00000000   Number         0  __scatter_copy.o ABSOLUTE
    ../clib/angel/handlers.s                 0x00000000   Number         0  __scatter_zi.o ABSOLUTE
    ../clib/angel/kernel.s                   0x00000000   Number         0  __rtentry.o ABSOLUTE
    ../clib/angel/kernel.s                   0x00000000   Number         0  __rtentry2.o ABSOLUTE
    ../clib/angel/kernel.s                   0x00000000   Number         0  __rtentry4.o ABSOLUTE
    ../clib/angel/kernel.s                   0x00000000   Number         0  rtexit.o ABSOLUTE
    ../clib/angel/kernel.s                   0x00000000   Number         0  rtexit2.o ABSOLUTE
    ../clib/angel/rt.s                       0x00000000   Number         0  aeabi_ldiv0.o ABSOLUTE
    ../clib/angel/rt.s                       0x00000000   Number         0  aeabi_ldiv0_sigfpe.o ABSOLUTE
    ../clib/angel/rt.s                       0x00000000   Number         0  rt_div0.o ABSOLUTE
    ../clib/angel/rt.s                       0x00000000   Number         0  rt_locale.o ABSOLUTE
    ../clib/angel/rt.s                       0x00000000   Number         0  rt_locale_intlibspace.o ABSOLUTE
    ../clib/angel/rt.s                       0x00000000   Number         0  rt_raise.o ABSOLUTE
    ../clib/angel/scatter.s                  0x00000000   Number         0  __scatter.o ABSOLUTE
    ../clib/angel/startup.s                  0x00000000   Number         0  __main.o ABSOLUTE
    ../clib/angel/sys.s                      0x00000000   Number         0  libspace.o ABSOLUTE
    ../clib/angel/sys.s                      0x00000000   Number         0  sys_stackheap_outer.o ABSOLUTE
    ../clib/angel/sys.s                      0x00000000   Number         0  use_no_semi.o ABSOLUTE
    ../clib/angel/sys.s                      0x00000000   Number         0  indicate_semi.o ABSOLUTE
    ../clib/angel/sysapp.c                   0x00000000   Number         0  sys_exit.o ABSOLUTE
    ../clib/angel/sysapp.c                   0x00000000   Number         0  sys_exit_hlt.o ABSOLUTE
    ../clib/angel/sysapp.c                   0x00000000   Number         0  sys_wrch.o ABSOLUTE
    ../clib/angel/sysapp.c                   0x00000000   Number         0  sys_command.o ABSOLUTE
    ../clib/angel/sysapp.c                   0x00000000   Number         0  sys_wrch_hlt.o ABSOLUTE
    ../clib/angel/sysapp.c                   0x00000000   Number         0  sys_command_hlt.o ABSOLUTE
    ../clib/armsys.c                         0x00000000   Number         0  argv_veneer.o ABSOLUTE
    ../clib/armsys.c                         0x00000000   Number         0  argv_veneer.o ABSOLUTE
    ../clib/armsys.c                         0x00000000   Number         0  _get_argv_nomalloc.o ABSOLUTE
    ../clib/armsys.c                         0x00000000   Number         0  no_argv.o ABSOLUTE
    ../clib/bigflt.c                         0x00000000   Number         0  bigflt0.o ABSOLUTE
    ../clib/btod.s                           0x00000000   Number         0  btod.o ABSOLUTE
    ../clib/btod_accurate.c                  0x00000000   Number         0  btod_accurate.o ABSOLUTE
    ../clib/btod_accurate.c                  0x00000000   Number         0  btod_accurate_common.o ABSOLUTE
    ../clib/heapalloc.c                      0x00000000   Number         0  hrguard.o ABSOLUTE
    ../clib/heapaux.c                        0x00000000   Number         0  heapauxi.o ABSOLUTE
    ../clib/libinit.s                        0x00000000   Number         0  libinit.o ABSOLUTE
    ../clib/libinit.s                        0x00000000   Number         0  libinit2.o ABSOLUTE
    ../clib/libinit.s                        0x00000000   Number         0  libshutdown.o ABSOLUTE
    ../clib/libinit.s                        0x00000000   Number         0  libshutdown2.o ABSOLUTE
    ../clib/locale.s                         0x00000000   Number         0  lc_numeric_c.o ABSOLUTE
    ../clib/longlong.s                       0x00000000   Number         0  lludivv7m.o ABSOLUTE
    ../clib/longlong.s                       0x00000000   Number         0  lludiv10.o ABSOLUTE
    ../clib/longlong.s                       0x00000000   Number         0  llushr.o ABSOLUTE
    ../clib/memcpset.s                       0x00000000   Number         0  strcmpv7em.o ABSOLUTE
    ../clib/misc.s                           0x00000000   Number         0  printf_stubs.o ABSOLUTE
    ../clib/printf.c                         0x00000000   Number         0  __2sprintf.o ABSOLUTE
    ../clib/printf.c                         0x00000000   Number         0  noretval__2sprintf.o ABSOLUTE
    ../clib/printf.c                         0x00000000   Number         0  __printf.o ABSOLUTE
    ../clib/printf.c                         0x00000000   Number         0  _printf_dec.o ABSOLUTE
    ../clib/printf.c                         0x00000000   Number         0  __printf_flags.o ABSOLUTE
    ../clib/printf.c                         0x00000000   Number         0  __printf_ss.o ABSOLUTE
    ../clib/printf.c                         0x00000000   Number         0  __printf_flags_ss.o ABSOLUTE
    ../clib/printf.c                         0x00000000   Number         0  __printf_wp.o ABSOLUTE
    ../clib/printf.c                         0x00000000   Number         0  __printf_flags_wp.o ABSOLUTE
    ../clib/printf.c                         0x00000000   Number         0  __printf_ss_wp.o ABSOLUTE
    ../clib/printf.c                         0x00000000   Number         0  __printf_flags_ss_wp.o ABSOLUTE
    ../clib/printf.c                         0x00000000   Number         0  _printf_intcommon.o ABSOLUTE
    ../clib/printf.c                         0x00000000   Number         0  _printf_fp_dec.o ABSOLUTE
    ../clib/printf.c                         0x00000000   Number         0  _printf_fp_dec_accurate.o ABSOLUTE
    ../clib/printf.c                         0x00000000   Number         0  _printf_char_common.o ABSOLUTE
    ../clib/printf.c                         0x00000000   Number         0  _sputc.o ABSOLUTE
    ../clib/printf.c                         0x00000000   Number         0  _printf_fp_infnan.o ABSOLUTE
    ../clib/printf.c                         0x00000000   Number         0  __printf_nopercent.o ABSOLUTE
    ../clib/printf_percent.s                 0x00000000   Number         0  _printf_d.o ABSOLUTE
    ../clib/printf_percent.s                 0x00000000   Number         0  _printf_f.o ABSOLUTE
    ../clib/printf_percent.s                 0x00000000   Number         0  _printf_percent.o ABSOLUTE
    ../clib/printf_percent.s                 0x00000000   Number         0  _printf_percent_end.o ABSOLUTE
    ../clib/signal.c                         0x00000000   Number         0  defsig_fpe_outer.o ABSOLUTE
    ../clib/signal.c                         0x00000000   Number         0  defsig_fpe_formal.o ABSOLUTE
    ../clib/signal.c                         0x00000000   Number         0  defsig_exit.o ABSOLUTE
    ../clib/signal.c                         0x00000000   Number         0  defsig_fpe_inner.o ABSOLUTE
    ../clib/signal.c                         0x00000000   Number         0  __raise.o ABSOLUTE
    ../clib/signal.c                         0x00000000   Number         0  defsig_general.o ABSOLUTE
    ../clib/signal.c                         0x00000000   Number         0  defsig_rtmem_outer.o ABSOLUTE
    ../clib/signal.c                         0x00000000   Number         0  defsig_rtmem_formal.o ABSOLUTE
    ../clib/signal.c                         0x00000000   Number         0  defsig_abrt_inner.o ABSOLUTE
    ../clib/signal.c                         0x00000000   Number         0  defsig_rtred_inner.o ABSOLUTE
    ../clib/signal.c                         0x00000000   Number         0  defsig_rtmem_inner.o ABSOLUTE
    ../clib/signal.c                         0x00000000   Number         0  defsig_stak_inner.o ABSOLUTE
    ../clib/signal.c                         0x00000000   Number         0  defsig_pvfn_inner.o ABSOLUTE
    ../clib/signal.c                         0x00000000   Number         0  defsig_cppl_inner.o ABSOLUTE
    ../clib/signal.c                         0x00000000   Number         0  defsig_segv_inner.o ABSOLUTE
    ../clib/signal.c                         0x00000000   Number         0  defsig_other.o ABSOLUTE
    ../clib/signal.s                         0x00000000   Number         0  defsig.o ABSOLUTE
    ../clib/stdlib.c                         0x00000000   Number         0  exit.o ABSOLUTE
    ../clib/string.c                         0x00000000   Number         0  strlen.o ABSOLUTE
    ../fplib/dfix.s                          0x00000000   Number         0  dfix.o ABSOLUTE
    ../fplib/dflt.s                          0x00000000   Number         0  dflt_clz.o ABSOLUTE
    ../fplib/dmul.s                          0x00000000   Number         0  dmul.o ABSOLUTE
    ../fplib/dnaninf.s                       0x00000000   Number         0  dnaninf.o ABSOLUTE
    ../fplib/dretinf.s                       0x00000000   Number         0  dretinf.o ABSOLUTE
    ../fplib/fpinit.s                        0x00000000   Number         0  fpinit.o ABSOLUTE
    ../fplib/istatus.s                       0x00000000   Number         0  istatus.o ABSOLUTE
    ../fplib/printf1.s                       0x00000000   Number         0  printf1.o ABSOLUTE
    ../fplib/usenofp.s                       0x00000000   Number         0  usenofp.o ABSOLUTE
    ../mathlib/fpclassify.c                  0x00000000   Number         0  fpclassify.o ABSOLUTE
    AppSensoreParcheggio.c                   0x00000000   Number         0  appsensoreparcheggio.o ABSOLUTE
    LCD.c                                    0x00000000   Number         0  lcd.o ABSOLUTE
    RTE/Device/STM32L476VGTx/startup_stm32l476xx.s 0x00000000   Number         0  startup_stm32l476xx.o ABSOLUTE
    SysClock.c                               0x00000000   Number         0  sysclock.o ABSOLUTE
    SysTick.c                                0x00000000   Number         0  systick.o ABSOLUTE
    Ultrasuoni.c                             0x00000000   Number         0  ultrasuoni.o ABSOLUTE
    dc.s                                     0x00000000   Number         0  dc.o ABSOLUTE
    interrupt.c                              0x00000000   Number         0  interrupt.o ABSOLUTE
    led.c                                    0x00000000   Number         0  led.o ABSOLUTE
    main.c                                   0x00000000   Number         0  main.o ABSOLUTE
    puls.c                                   0x00000000   Number         0  puls.o ABSOLUTE
    system_stm32l4xx.c                       0x00000000   Number         0  system_stm32l4xx.o ABSOLUTE
    RESET                                    0x08000000   Section      392  startup_stm32l476xx.o(RESET)
    !!!main                                  0x08000188   Section        8  __main.o(!!!main)
    !!!scatter                               0x08000190   Section       52  __scatter.o(!!!scatter)
    !!handler_copy                           0x080001c4   Section       26  __scatter_copy.o(!!handler_copy)
    !!handler_zi                             0x080001e0   Section       28  __scatter_zi.o(!!handler_zi)
    .ARM.Collect$$_printf_percent$$00000000  0x080001fc   Section        0  _printf_percent.o(.ARM.Collect$$_printf_percent$$00000000)
    .ARM.Collect$$_printf_percent$$00000003  0x080001fc   Section        6  _printf_f.o(.ARM.Collect$$_printf_percent$$00000003)
    .ARM.Collect$$_printf_percent$$00000009  0x08000202   Section        6  _printf_d.o(.ARM.Collect$$_printf_percent$$00000009)
    .ARM.Collect$$_printf_percent$$00000017  0x08000208   Section        4  _printf_percent_end.o(.ARM.Collect$$_printf_percent$$00000017)
    .ARM.Collect$$libinit$$00000000          0x0800020c   Section        2  libinit.o(.ARM.Collect$$libinit$$00000000)
    .ARM.Collect$$libinit$$00000001          0x0800020e   Section        4  libinit2.o(.ARM.Collect$$libinit$$00000001)
    .ARM.Collect$$libinit$$00000004          0x08000212   Section        0  libinit2.o(.ARM.Collect$$libinit$$00000004)
    .ARM.Collect$$libinit$$0000000A          0x08000212   Section        0  libinit2.o(.ARM.Collect$$libinit$$0000000A)
    .ARM.Collect$$libinit$$0000000C          0x08000212   Section        0  libinit2.o(.ARM.Collect$$libinit$$0000000C)
    .ARM.Collect$$libinit$$0000000E          0x08000212   Section        0  libinit2.o(.ARM.Collect$$libinit$$0000000E)
    .ARM.Collect$$libinit$$0000000F          0x08000212   Section        6  libinit2.o(.ARM.Collect$$libinit$$0000000F)
    .ARM.Collect$$libinit$$00000011          0x08000218   Section        0  libinit2.o(.ARM.Collect$$libinit$$00000011)
    .ARM.Collect$$libinit$$00000013          0x08000218   Section        0  libinit2.o(.ARM.Collect$$libinit$$00000013)
    .ARM.Collect$$libinit$$00000015          0x08000218   Section        0  libinit2.o(.ARM.Collect$$libinit$$00000015)
    .ARM.Collect$$libinit$$00000016          0x08000218   Section       10  libinit2.o(.ARM.Collect$$libinit$$00000016)
    .ARM.Collect$$libinit$$00000017          0x08000222   Section        0  libinit2.o(.ARM.Collect$$libinit$$00000017)
    .ARM.Collect$$libinit$$00000019          0x08000222   Section        0  libinit2.o(.ARM.Collect$$libinit$$00000019)
    .ARM.Collect$$libinit$$0000001B          0x08000222   Section        0  libinit2.o(.ARM.Collect$$libinit$$0000001B)
    .ARM.Collect$$libinit$$0000001D          0x08000222   Section        0  libinit2.o(.ARM.Collect$$libinit$$0000001D)
    .ARM.Collect$$libinit$$0000001F          0x08000222   Section        0  libinit2.o(.ARM.Collect$$libinit$$0000001F)
    .ARM.Collect$$libinit$$00000021          0x08000222   Section        0  libinit2.o(.ARM.Collect$$libinit$$00000021)
    .ARM.Collect$$libinit$$00000023          0x08000222   Section        0  libinit2.o(.ARM.Collect$$libinit$$00000023)
    .ARM.Collect$$libinit$$00000025          0x08000222   Section        0  libinit2.o(.ARM.Collect$$libinit$$00000025)
    .ARM.Collect$$libinit$$0000002C          0x08000222   Section        0  libinit2.o(.ARM.Collect$$libinit$$0000002C)
    .ARM.Collect$$libinit$$0000002E          0x08000222   Section        0  libinit2.o(.ARM.Collect$$libinit$$0000002E)
    .ARM.Collect$$libinit$$00000030          0x08000222   Section        0  libinit2.o(.ARM.Collect$$libinit$$00000030)
    .ARM.Collect$$libinit$$00000032          0x08000222   Section        0  libinit2.o(.ARM.Collect$$libinit$$00000032)
    .ARM.Collect$$libinit$$00000033          0x08000222   Section        2  libinit2.o(.ARM.Collect$$libinit$$00000033)
    .ARM.Collect$$libshutdown$$00000000      0x08000224   Section        2  libshutdown.o(.ARM.Collect$$libshutdown$$00000000)
    .ARM.Collect$$libshutdown$$00000002      0x08000226   Section        0  libshutdown2.o(.ARM.Collect$$libshutdown$$00000002)
    .ARM.Collect$$libshutdown$$00000004      0x08000226   Section        0  libshutdown2.o(.ARM.Collect$$libshutdown$$00000004)
    .ARM.Collect$$libshutdown$$00000007      0x08000226   Section        0  libshutdown2.o(.ARM.Collect$$libshutdown$$00000007)
    .ARM.Collect$$libshutdown$$0000000A      0x08000226   Section        0  libshutdown2.o(.ARM.Collect$$libshutdown$$0000000A)
    .ARM.Collect$$libshutdown$$0000000C      0x08000226   Section        0  libshutdown2.o(.ARM.Collect$$libshutdown$$0000000C)
    .ARM.Collect$$libshutdown$$0000000F      0x08000226   Section        0  libshutdown2.o(.ARM.Collect$$libshutdown$$0000000F)
    .ARM.Collect$$libshutdown$$00000010      0x08000226   Section        2  libshutdown2.o(.ARM.Collect$$libshutdown$$00000010)
    .ARM.Collect$$rtentry$$00000000          0x08000228   Section        0  __rtentry.o(.ARM.Collect$$rtentry$$00000000)
    .ARM.Collect$$rtentry$$00000002          0x08000228   Section        0  __rtentry2.o(.ARM.Collect$$rtentry$$00000002)
    .ARM.Collect$$rtentry$$00000004          0x08000228   Section        6  __rtentry4.o(.ARM.Collect$$rtentry$$00000004)
    .ARM.Collect$$rtentry$$00000009          0x0800022e   Section        0  __rtentry2.o(.ARM.Collect$$rtentry$$00000009)
    .ARM.Collect$$rtentry$$0000000A          0x0800022e   Section        4  __rtentry2.o(.ARM.Collect$$rtentry$$0000000A)
    .ARM.Collect$$rtentry$$0000000C          0x08000232   Section        0  __rtentry2.o(.ARM.Collect$$rtentry$$0000000C)
    .ARM.Collect$$rtentry$$0000000D          0x08000232   Section        8  __rtentry2.o(.ARM.Collect$$rtentry$$0000000D)
    .ARM.Collect$$rtexit$$00000000           0x0800023a   Section        2  rtexit.o(.ARM.Collect$$rtexit$$00000000)
    .ARM.Collect$$rtexit$$00000002           0x0800023c   Section        0  rtexit2.o(.ARM.Collect$$rtexit$$00000002)
    .ARM.Collect$$rtexit$$00000003           0x0800023c   Section        4  rtexit2.o(.ARM.Collect$$rtexit$$00000003)
    .ARM.Collect$$rtexit$$00000004           0x08000240   Section        6  rtexit2.o(.ARM.Collect$$rtexit$$00000004)
    $v0                                      0x08000248   Number         0  startup_stm32l476xx.o(.text)
    .text                                    0x08000248   Section       64  startup_stm32l476xx.o(.text)
    .text                                    0x08000288   Section      240  lludivv7m.o(.text)
    .text                                    0x08000378   Section        0  noretval__2sprintf.o(.text)
    .text                                    0x080003a0   Section        0  _printf_dec.o(.text)
    .text                                    0x08000418   Section        0  __printf_ss_wp.o(.text)
    .text                                    0x08000578   Section        0  heapauxi.o(.text)
    .text                                    0x0800057e   Section        0  _printf_intcommon.o(.text)
    _fp_digits                               0x08000631   Thumb Code   432  _printf_fp_dec.o(.text)
    .text                                    0x08000630   Section        0  _printf_fp_dec.o(.text)
    _printf_input_char                       0x08000a55   Thumb Code    10  _printf_char_common.o(.text)
    .text                                    0x08000a54   Section        0  _printf_char_common.o(.text)
    .text                                    0x08000a84   Section        0  _sputc.o(.text)
    .text                                    0x08000a90   Section        8  rt_locale_intlibspace.o(.text)
    .text                                    0x08000a98   Section      138  lludiv10.o(.text)
    .text                                    0x08000b24   Section        0  _printf_fp_infnan.o(.text)
    .text                                    0x08000ba4   Section        0  bigflt0.o(.text)
    .text                                    0x08000c88   Section        8  libspace.o(.text)
    .text                                    0x08000c90   Section       74  sys_stackheap_outer.o(.text)
    .text                                    0x08000cda   Section        0  exit.o(.text)
    .text                                    0x08000cf0   Section      124  strcmpv7em.o(.text)
    .text                                    0x08000d6c   Section        0  sys_exit.o(.text)
    .text                                    0x08000d78   Section        2  use_no_semi.o(.text)
    .text                                    0x08000d7a   Section        0  indicate_semi.o(.text)
    [Anonymous Symbol]                       0x08000d80   Section        0  ultrasuoni.o(.text.CalcoloTempiLampeggio)
    [Anonymous Symbol]                       0x08000dc8   Section        0  ultrasuoni.o(.text.ControlloMisura)
    [Anonymous Symbol]                       0x08000de8   Section        0  interrupt.o(.text.EXTI0_IRQHandler)
    [Anonymous Symbol]                       0x08000e00   Section        0  ultrasuoni.o(.text.EXTI15_10_IRQHandler)
    [Anonymous Symbol]                       0x08000e68   Section        0  interrupt.o(.text.EXTI1_IRQHandler)
    [Anonymous Symbol]                       0x08000e80   Section        0  interrupt.o(.text.EXTI2_IRQHandler)
    [Anonymous Symbol]                       0x08000e98   Section        0  interrupt.o(.text.EXTI3_IRQHandler)
    [Anonymous Symbol]                       0x08000eb0   Section        0  interrupt.o(.text.EXTI9_5_IRQHandler)
    [Anonymous Symbol]                       0x08000ecc   Section        0  ultrasuoni.o(.text.EchoInterrupt)
    [Anonymous Symbol]                       0x08000f24   Section        0  interrupt.o(.text.InterruptInit)
    [Anonymous Symbol]                       0x08000f3c   Section        0  lcd.o(.text.LCDClear)
    [Anonymous Symbol]                       0x08000f64   Section        0  lcd.o(.text.LCDClockInit)
    [Anonymous Symbol]                       0x08000ff8   Section        0  lcd.o(.text.LCDConfigure)
    LCDConvCharSeg                           0x08001049   Thumb Code   318  lcd.o(.text.LCDConvCharSeg)
    [Anonymous Symbol]                       0x08001048   Section        0  lcd.o(.text.LCDConvCharSeg)
    [Anonymous Symbol]                       0x08001188   Section        0  lcd.o(.text.LCDDisplayString)
    [Anonymous Symbol]                       0x080011c8   Section        0  lcd.o(.text.LCDInit)
    [Anonymous Symbol]                       0x080011dc   Section        0  lcd.o(.text.LCDPINInit)
    [Anonymous Symbol]                       0x08001318   Section        0  lcd.o(.text.LCDWriteChar)
    [Anonymous Symbol]                       0x08001804   Section        0  led.o(.text.LedGreenCheck)
    [Anonymous Symbol]                       0x08001814   Section        0  led.o(.text.LedGreenInit)
    [Anonymous Symbol]                       0x08001840   Section        0  led.o(.text.LedGreenOff)
    [Anonymous Symbol]                       0x08001854   Section        0  led.o(.text.LedGreenOn)
    [Anonymous Symbol]                       0x08001868   Section        0  led.o(.text.LedGreenTask)
    [Anonymous Symbol]                       0x080018cc   Section        0  led.o(.text.LedGreenToggle)
    [Anonymous Symbol]                       0x080018e0   Section        0  led.o(.text.LedInit)
    [Anonymous Symbol]                       0x080018ec   Section        0  led.o(.text.LedRedInit)
    [Anonymous Symbol]                       0x08001918   Section        0  led.o(.text.LedRedOff)
    [Anonymous Symbol]                       0x0800192c   Section        0  led.o(.text.LedRedOn)
    [Anonymous Symbol]                       0x08001940   Section        0  led.o(.text.LedRedToggle)
    [Anonymous Symbol]                       0x08001954   Section        0  puls.o(.text.PulsInit)
    [Anonymous Symbol]                       0x08001a10   Section        0  ultrasuoni.o(.text.Sensore_lampeggio)
    [Anonymous Symbol]                       0x08001a4c   Section        0  ultrasuoni.o(.text.StampoValore)
    [Anonymous Symbol]                       0x08001a78   Section        0  sysclock.o(.text.SysClockInit)
    SysTick_Config                           0x08001a8d   Thumb Code    28  sysclock.o(.text.SysTick_Config)
    [Anonymous Symbol]                       0x08001a8c   Section        0  sysclock.o(.text.SysTick_Config)
    [Anonymous Symbol]                       0x08001aa8   Section        0  sysclock.o(.text.SysTick_Handler)
    [Anonymous Symbol]                       0x08001ac0   Section        0  system_stm32l4xx.o(.text.SystemCoreClockUpdate)
    [Anonymous Symbol]                       0x08001b80   Section        0  system_stm32l4xx.o(.text.SystemInit)
    [Anonymous Symbol]                       0x08001bc4   Section        0  ultrasuoni.o(.text.TrigCheck)
    [Anonymous Symbol]                       0x08001bd4   Section        0  ultrasuoni.o(.text.TrigOff)
    [Anonymous Symbol]                       0x08001be8   Section        0  ultrasuoni.o(.text.TrigOn)
    [Anonymous Symbol]                       0x08001bfc   Section        0  ultrasuoni.o(.text.TrigTask)
    [Anonymous Symbol]                       0x08001c60   Section        0  ultrasuoni.o(.text.UsInit)
    __NVIC_EnableIRQ                         0x08001cb9   Thumb Code    22  interrupt.o(.text.__NVIC_EnableIRQ)
    [Anonymous Symbol]                       0x08001cb8   Section        0  interrupt.o(.text.__NVIC_EnableIRQ)
    __NVIC_EnableIRQ                         0x08001cd1   Thumb Code    16  ultrasuoni.o(.text.__NVIC_EnableIRQ)
    [Anonymous Symbol]                       0x08001cd0   Section        0  ultrasuoni.o(.text.__NVIC_EnableIRQ)
    __NVIC_SetPriority                       0x08001ce1   Thumb Code    16  interrupt.o(.text.__NVIC_SetPriority)
    [Anonymous Symbol]                       0x08001ce0   Section        0  interrupt.o(.text.__NVIC_SetPriority)
    __NVIC_SetPriority                       0x08001cf1   Thumb Code    14  sysclock.o(.text.__NVIC_SetPriority)
    [Anonymous Symbol]                       0x08001cf0   Section        0  sysclock.o(.text.__NVIC_SetPriority)
    __NVIC_SetPriority                       0x08001d01   Thumb Code    14  ultrasuoni.o(.text.__NVIC_SetPriority)
    [Anonymous Symbol]                       0x08001d00   Section        0  ultrasuoni.o(.text.__NVIC_SetPriority)
    [Anonymous Symbol]                       0x08001d10   Section        0  main.o(.text.main)
    [Anonymous Symbol]                       0x08001d3c   Section        0  sysclock.o(.text.micros)
    [Anonymous Symbol]                       0x08001d4c   Section        0  sysclock.o(.text.millis)
    [Anonymous Symbol]                       0x08001d68   Section        0  sysclock.o(.text.pllInit)
    [Anonymous Symbol]                       0x08001e58   Section        0  interrupt.o(.text.setIntPulsPA0)
    [Anonymous Symbol]                       0x08001ea4   Section        0  interrupt.o(.text.setIntPulsPA1)
    [Anonymous Symbol]                       0x08001ef0   Section        0  interrupt.o(.text.setIntPulsPA2)
    [Anonymous Symbol]                       0x08001f3c   Section        0  interrupt.o(.text.setIntPulsPA3)
    [Anonymous Symbol]                       0x08001f88   Section        0  interrupt.o(.text.setIntPulsPA5)
    CL$$btod_d2e                             0x08001fce   Section       62  btod.o(CL$$btod_d2e)
    CL$$btod_d2e_denorm_low                  0x0800200c   Section       70  btod.o(CL$$btod_d2e_denorm_low)
    CL$$btod_d2e_norm_op1                    0x08002052   Section       96  btod.o(CL$$btod_d2e_norm_op1)
    CL$$btod_div_common                      0x080020b4   Section      824  btod.o(CL$$btod_div_common)
    CL$$btod_e2e                             0x080023ec   Section      220  btod.o(CL$$btod_e2e)
    CL$$btod_ediv                            0x080024c8   Section       42  btod.o(CL$$btod_ediv)
    CL$$btod_emul                            0x080024f2   Section       42  btod.o(CL$$btod_emul)
    CL$$btod_mult_common                     0x0800251c   Section      580  btod.o(CL$$btod_mult_common)
    i.__ARM_fpclassify                       0x08002760   Section        0  fpclassify.o(i.__ARM_fpclassify)
    i._is_digit                              0x08002790   Section        0  __printf_wp.o(i._is_digit)
    locale$$code                             0x080027a0   Section       44  lc_numeric_c.o(locale$$code)
    $v0                                      0x080027cc   Number         0  dfix.o(x$fpl$dfix)
    x$fpl$dfix                               0x080027cc   Section       94  dfix.o(x$fpl$dfix)
    $v0                                      0x0800282a   Number         0  dflt_clz.o(x$fpl$dflt)
    x$fpl$dflt                               0x0800282a   Section       46  dflt_clz.o(x$fpl$dflt)
    $v0                                      0x08002858   Number         0  dmul.o(x$fpl$dmul)
    x$fpl$dmul                               0x08002858   Section      340  dmul.o(x$fpl$dmul)
    $v0                                      0x080029ac   Number         0  dnaninf.o(x$fpl$dnaninf)
    x$fpl$dnaninf                            0x080029ac   Section      156  dnaninf.o(x$fpl$dnaninf)
    $v0                                      0x08002a48   Number         0  dretinf.o(x$fpl$dretinf)
    x$fpl$dretinf                            0x08002a48   Section       12  dretinf.o(x$fpl$dretinf)
    $v0                                      0x08002a54   Number         0  fpinit.o(x$fpl$fpinit)
    x$fpl$fpinit                             0x08002a54   Section       26  fpinit.o(x$fpl$fpinit)
    $v0                                      0x08002a6e   Number         0  printf1.o(x$fpl$printf1)
    x$fpl$printf1                            0x08002a6e   Section        4  printf1.o(x$fpl$printf1)
    x$fpl$usenofp                            0x08002a72   Section        0  usenofp.o(x$fpl$usenofp)
    tenpwrs_x                                0x08002a74   Data          60  bigflt0.o(.constdata)
    .constdata                               0x08002a74   Section      148  bigflt0.o(.constdata)
    tenpwrs_i                                0x08002ab0   Data          64  bigflt0.o(.constdata)
    locale$$data                             0x08002bb0   Section       28  lc_numeric_c.o(locale$$data)
    __lcnum_c_name                           0x08002bb4   Data           2  lc_numeric_c.o(locale$$data)
    __lcnum_c_start                          0x08002bbc   Data           0  lc_numeric_c.o(locale$$data)
    __lcnum_c_point                          0x08002bc8   Data           0  lc_numeric_c.o(locale$$data)
    __lcnum_c_thousands                      0x08002bca   Data           0  lc_numeric_c.o(locale$$data)
    __lcnum_c_grouping                       0x08002bcb   Data           0  lc_numeric_c.o(locale$$data)
    __lcnum_c_end                            0x08002bcc   Data           0  lc_numeric_c.o(locale$$data)
    .bss                                     0x20000008   Section       96  libspace.o(.bss)
    EXTI15_10_IRQHandler.time                0x20000068   Data           4  ultrasuoni.o(.bss.EXTI15_10_IRQHandler.time)
    [Anonymous Symbol]                       0x20000068   Section        0  ultrasuoni.o(.bss.EXTI15_10_IRQHandler.time)
    LedGreenTask.inizio                      0x2000006c   Data           1  led.o(.bss.LedGreenTask.inizio)
    [Anonymous Symbol]                       0x2000006c   Section        0  led.o(.bss.LedGreenTask.inizio)
    LedGreenTask.tiniziale                   0x20000070   Data           4  led.o(.bss.LedGreenTask.tiniziale)
    [Anonymous Symbol]                       0x20000070   Section        0  led.o(.bss.LedGreenTask.tiniziale)
    TrigTask.inizio                          0x2000007c   Data           1  ultrasuoni.o(.bss.TrigTask.inizio)
    [Anonymous Symbol]                       0x2000007c   Section        0  ultrasuoni.o(.bss.TrigTask.inizio)
    TrigTask.tiniziale                       0x20000080   Data           4  ultrasuoni.o(.bss.TrigTask.tiniziale)
    [Anonymous Symbol]                       0x20000080   Section        0  ultrasuoni.o(.bss.TrigTask.tiniziale)
    Heap_Mem                                 0x20000098   Data         512  startup_stm32l476xx.o(HEAP)
    HEAP                                     0x20000098   Section      512  startup_stm32l476xx.o(HEAP)
    Stack_Mem                                0x20000298   Data        1024  startup_stm32l476xx.o(STACK)
    STACK                                    0x20000298   Section     1024  startup_stm32l476xx.o(STACK)
    __initial_sp                             0x20000698   Data           0  startup_stm32l476xx.o(STACK)

    Global Symbols

    Symbol Name                              Value     Ov Type        Size  Object(Section)

    BuildAttributes$$THM_ISAv4$E$P$D$K$B$S$7EM$VFPi3$EXTD16$VFPS$VFMA$PE$A:L22UL41UL21$X:L11$S22US41US21$IEEE1$IW$~IW$USESV6$~STKCKD$USESV7$~SHL$OTIME$ROPI$IEEEJ$EBA8$UX$STANDARDLIB$REQ8$PRES8$EABIv2 0x00000000   Number         0  anon$$obj.o ABSOLUTE
    _printf_flags                            0x00000000   Number         0  printf_stubs.o ABSOLUTE
    _printf_return_value                     0x00000000   Number         0  printf_stubs.o ABSOLUTE
    _printf_sizespec                         0x00000000   Number         0  printf_stubs.o ABSOLUTE
    _printf_widthprec                        0x00000000   Number         0  printf_stubs.o ABSOLUTE
    __ARM_exceptions_init                     - Undefined Weak Reference
    __alloca_initialize                       - Undefined Weak Reference
    __arm_preinit_                            - Undefined Weak Reference
    __cpp_initialize__aeabi_                  - Undefined Weak Reference
    __cxa_finalize                            - Undefined Weak Reference
    __sigvec_lookup                           - Undefined Weak Reference
    _atexit_init                              - Undefined Weak Reference
    _call_atexit_fns                          - Undefined Weak Reference
    _clock_init                               - Undefined Weak Reference
    _fp_trap_init                             - Undefined Weak Reference
    _fp_trap_shutdown                         - Undefined Weak Reference
    _get_lc_collate                           - Undefined Weak Reference
    _get_lc_ctype                             - Undefined Weak Reference
    _get_lc_monetary                          - Undefined Weak Reference
    _get_lc_time                              - Undefined Weak Reference
    _getenv_init                              - Undefined Weak Reference
    _handle_redirection                       - Undefined Weak Reference
    _init_alloc                               - Undefined Weak Reference
    _init_user_alloc                          - Undefined Weak Reference
    _initio                                   - Undefined Weak Reference
    _printf_post_padding                      - Undefined Weak Reference
    _printf_pre_padding                       - Undefined Weak Reference
    _printf_truncate_signed                   - Undefined Weak Reference
    _printf_truncate_unsigned                 - Undefined Weak Reference
    _rand_init                                - Undefined Weak Reference
    _signal_finish                            - Undefined Weak Reference
    _signal_init                              - Undefined Weak Reference
    _terminate_alloc                          - Undefined Weak Reference
    _terminate_user_alloc                     - Undefined Weak Reference
    _terminateio                              - Undefined Weak Reference
    __Vectors_Size                           0x00000188   Number         0  startup_stm32l476xx.o ABSOLUTE
    __Vectors                                0x08000000   Data           4  startup_stm32l476xx.o(RESET)
    __Vectors_End                            0x08000188   Data           0  startup_stm32l476xx.o(RESET)
    __main                                   0x08000189   Thumb Code     8  __main.o(!!!main)
    __scatterload                            0x08000191   Thumb Code     0  __scatter.o(!!!scatter)
    __scatterload_rt2                        0x08000191   Thumb Code    44  __scatter.o(!!!scatter)
    __scatterload_rt2_thumb_only             0x08000191   Thumb Code     0  __scatter.o(!!!scatter)
    __scatterload_null                       0x0800019f   Thumb Code     0  __scatter.o(!!!scatter)
    __scatterload_copy                       0x080001c5   Thumb Code    26  __scatter_copy.o(!!handler_copy)
    __scatterload_zeroinit                   0x080001e1   Thumb Code    28  __scatter_zi.o(!!handler_zi)
    _printf_f                                0x080001fd   Thumb Code     0  _printf_f.o(.ARM.Collect$$_printf_percent$$00000003)
    _printf_percent                          0x080001fd   Thumb Code     0  _printf_percent.o(.ARM.Collect$$_printf_percent$$00000000)
    _printf_d                                0x08000203   Thumb Code     0  _printf_d.o(.ARM.Collect$$_printf_percent$$00000009)
    _printf_percent_end                      0x08000209   Thumb Code     0  _printf_percent_end.o(.ARM.Collect$$_printf_percent$$00000017)
    __rt_lib_init                            0x0800020d   Thumb Code     0  libinit.o(.ARM.Collect$$libinit$$00000000)
    __rt_lib_init_fp_1                       0x0800020f   Thumb Code     0  libinit2.o(.ARM.Collect$$libinit$$00000001)
    __rt_lib_init_heap_1                     0x08000213   Thumb Code     0  libinit2.o(.ARM.Collect$$libinit$$0000000A)
    __rt_lib_init_lc_common                  0x08000213   Thumb Code     0  libinit2.o(.ARM.Collect$$libinit$$0000000F)
    __rt_lib_init_preinit_1                  0x08000213   Thumb Code     0  libinit2.o(.ARM.Collect$$libinit$$00000004)
    __rt_lib_init_rand_1                     0x08000213   Thumb Code     0  libinit2.o(.ARM.Collect$$libinit$$0000000E)
    __rt_lib_init_user_alloc_1               0x08000213   Thumb Code     0  libinit2.o(.ARM.Collect$$libinit$$0000000C)
    __rt_lib_init_lc_collate_1               0x08000219   Thumb Code     0  libinit2.o(.ARM.Collect$$libinit$$00000011)
    __rt_lib_init_lc_ctype_1                 0x08000219   Thumb Code     0  libinit2.o(.ARM.Collect$$libinit$$00000013)
    __rt_lib_init_lc_monetary_1              0x08000219   Thumb Code     0  libinit2.o(.ARM.Collect$$libinit$$00000015)
    __rt_lib_init_lc_numeric_2               0x08000219   Thumb Code     0  libinit2.o(.ARM.Collect$$libinit$$00000016)
    __rt_lib_init_alloca_1                   0x08000223   Thumb Code     0  libinit2.o(.ARM.Collect$$libinit$$0000002E)
    __rt_lib_init_argv_1                     0x08000223   Thumb Code     0  libinit2.o(.ARM.Collect$$libinit$$0000002C)
    __rt_lib_init_atexit_1                   0x08000223   Thumb Code     0  libinit2.o(.ARM.Collect$$libinit$$0000001B)
    __rt_lib_init_clock_1                    0x08000223   Thumb Code     0  libinit2.o(.ARM.Collect$$libinit$$00000021)
    __rt_lib_init_cpp_1                      0x08000223   Thumb Code     0  libinit2.o(.ARM.Collect$$libinit$$00000032)
    __rt_lib_init_exceptions_1               0x08000223   Thumb Code     0  libinit2.o(.ARM.Collect$$libinit$$00000030)
    __rt_lib_init_fp_trap_1                  0x08000223   Thumb Code     0  libinit2.o(.ARM.Collect$$libinit$$0000001F)
    __rt_lib_init_getenv_1                   0x08000223   Thumb Code     0  libinit2.o(.ARM.Collect$$libinit$$00000023)
    __rt_lib_init_lc_numeric_1               0x08000223   Thumb Code     0  libinit2.o(.ARM.Collect$$libinit$$00000017)
    __rt_lib_init_lc_time_1                  0x08000223   Thumb Code     0  libinit2.o(.ARM.Collect$$libinit$$00000019)
    __rt_lib_init_return                     0x08000223   Thumb Code     0  libinit2.o(.ARM.Collect$$libinit$$00000033)
    __rt_lib_init_signal_1                   0x08000223   Thumb Code     0  libinit2.o(.ARM.Collect$$libinit$$0000001D)
    __rt_lib_init_stdio_1                    0x08000223   Thumb Code     0  libinit2.o(.ARM.Collect$$libinit$$00000025)
    __rt_lib_shutdown                        0x08000225   Thumb Code     0  libshutdown.o(.ARM.Collect$$libshutdown$$00000000)
    __rt_lib_shutdown_cpp_1                  0x08000227   Thumb Code     0  libshutdown2.o(.ARM.Collect$$libshutdown$$00000002)
    __rt_lib_shutdown_fp_trap_1              0x08000227   Thumb Code     0  libshutdown2.o(.ARM.Collect$$libshutdown$$00000007)
    __rt_lib_shutdown_heap_1                 0x08000227   Thumb Code     0  libshutdown2.o(.ARM.Collect$$libshutdown$$0000000F)
    __rt_lib_shutdown_return                 0x08000227   Thumb Code     0  libshutdown2.o(.ARM.Collect$$libshutdown$$00000010)
    __rt_lib_shutdown_signal_1               0x08000227   Thumb Code     0  libshutdown2.o(.ARM.Collect$$libshutdown$$0000000A)
    __rt_lib_shutdown_stdio_1                0x08000227   Thumb Code     0  libshutdown2.o(.ARM.Collect$$libshutdown$$00000004)
    __rt_lib_shutdown_user_alloc_1           0x08000227   Thumb Code     0  libshutdown2.o(.ARM.Collect$$libshutdown$$0000000C)
    __rt_entry                               0x08000229   Thumb Code     0  __rtentry.o(.ARM.Collect$$rtentry$$00000000)
    __rt_entry_presh_1                       0x08000229   Thumb Code     0  __rtentry2.o(.ARM.Collect$$rtentry$$00000002)
    __rt_entry_sh                            0x08000229   Thumb Code     0  __rtentry4.o(.ARM.Collect$$rtentry$$00000004)
    __rt_entry_li                            0x0800022f   Thumb Code     0  __rtentry2.o(.ARM.Collect$$rtentry$$0000000A)
    __rt_entry_postsh_1                      0x0800022f   Thumb Code     0  __rtentry2.o(.ARM.Collect$$rtentry$$00000009)
    __rt_entry_main                          0x08000233   Thumb Code     0  __rtentry2.o(.ARM.Collect$$rtentry$$0000000D)
    __rt_entry_postli_1                      0x08000233   Thumb Code     0  __rtentry2.o(.ARM.Collect$$rtentry$$0000000C)
    __rt_exit                                0x0800023b   Thumb Code     0  rtexit.o(.ARM.Collect$$rtexit$$00000000)
    __rt_exit_ls                             0x0800023d   Thumb Code     0  rtexit2.o(.ARM.Collect$$rtexit$$00000003)
    __rt_exit_prels_1                        0x0800023d   Thumb Code     0  rtexit2.o(.ARM.Collect$$rtexit$$00000002)
    __rt_exit_exit                           0x08000241   Thumb Code     0  rtexit2.o(.ARM.Collect$$rtexit$$00000004)
    Reset_Handler                            0x08000249   Thumb Code     8  startup_stm32l476xx.o(.text)
    NMI_Handler                              0x08000251   Thumb Code     2  startup_stm32l476xx.o(.text)
    HardFault_Handler                        0x08000253   Thumb Code     2  startup_stm32l476xx.o(.text)
    MemManage_Handler                        0x08000255   Thumb Code     2  startup_stm32l476xx.o(.text)
    BusFault_Handler                         0x08000257   Thumb Code     2  startup_stm32l476xx.o(.text)
    UsageFault_Handler                       0x08000259   Thumb Code     2  startup_stm32l476xx.o(.text)
    SVC_Handler                              0x0800025b   Thumb Code     2  startup_stm32l476xx.o(.text)
    DebugMon_Handler                         0x0800025d   Thumb Code     2  startup_stm32l476xx.o(.text)
    PendSV_Handler                           0x0800025f   Thumb Code     2  startup_stm32l476xx.o(.text)
    ADC1_2_IRQHandler                        0x08000263   Thumb Code     0  startup_stm32l476xx.o(.text)
    ADC3_IRQHandler                          0x08000263   Thumb Code     0  startup_stm32l476xx.o(.text)
    CAN1_RX0_IRQHandler                      0x08000263   Thumb Code     0  startup_stm32l476xx.o(.text)
    CAN1_RX1_IRQHandler                      0x08000263   Thumb Code     0  startup_stm32l476xx.o(.text)
    CAN1_SCE_IRQHandler                      0x08000263   Thumb Code     0  startup_stm32l476xx.o(.text)
    CAN1_TX_IRQHandler                       0x08000263   Thumb Code     0  startup_stm32l476xx.o(.text)
    COMP_IRQHandler                          0x08000263   Thumb Code     0  startup_stm32l476xx.o(.text)
    DFSDM1_FLT0_IRQHandler                   0x08000263   Thumb Code     0  startup_stm32l476xx.o(.text)
    DFSDM1_FLT1_IRQHandler                   0x08000263   Thumb Code     0  startup_stm32l476xx.o(.text)
    DFSDM1_FLT2_IRQHandler                   0x08000263   Thumb Code     0  startup_stm32l476xx.o(.text)
    DFSDM1_FLT3_IRQHandler                   0x08000263   Thumb Code     0  startup_stm32l476xx.o(.text)
    DMA1_Channel1_IRQHandler                 0x08000263   Thumb Code     0  startup_stm32l476xx.o(.text)
    DMA1_Channel2_IRQHandler                 0x08000263   Thumb Code     0  startup_stm32l476xx.o(.text)
    DMA1_Channel3_IRQHandler                 0x08000263   Thumb Code     0  startup_stm32l476xx.o(.text)
    DMA1_Channel4_IRQHandler                 0x08000263   Thumb Code     0  startup_stm32l476xx.o(.text)
    DMA1_Channel5_IRQHandler                 0x08000263   Thumb Code     0  startup_stm32l476xx.o(.text)
    DMA1_Channel6_IRQHandler                 0x08000263   Thumb Code     0  startup_stm32l476xx.o(.text)
    DMA1_Channel7_IRQHandler                 0x08000263   Thumb Code     0  startup_stm32l476xx.o(.text)
    DMA2_Channel1_IRQHandler                 0x08000263   Thumb Code     0  startup_stm32l476xx.o(.text)
    DMA2_Channel2_IRQHandler                 0x08000263   Thumb Code     0  startup_stm32l476xx.o(.text)
    DMA2_Channel3_IRQHandler                 0x08000263   Thumb Code     0  startup_stm32l476xx.o(.text)
    DMA2_Channel4_IRQHandler                 0x08000263   Thumb Code     0  startup_stm32l476xx.o(.text)
    DMA2_Channel5_IRQHandler                 0x08000263   Thumb Code     0  startup_stm32l476xx.o(.text)
    DMA2_Channel6_IRQHandler                 0x08000263   Thumb Code     0  startup_stm32l476xx.o(.text)
    DMA2_Channel7_IRQHandler                 0x08000263   Thumb Code     0  startup_stm32l476xx.o(.text)
    EXTI4_IRQHandler                         0x08000263   Thumb Code     0  startup_stm32l476xx.o(.text)
    FLASH_IRQHandler                         0x08000263   Thumb Code     0  startup_stm32l476xx.o(.text)
    FMC_IRQHandler                           0x08000263   Thumb Code     0  startup_stm32l476xx.o(.text)
    FPU_IRQHandler                           0x08000263   Thumb Code     0  startup_stm32l476xx.o(.text)
    I2C1_ER_IRQHandler                       0x08000263   Thumb Code     0  startup_stm32l476xx.o(.text)
    I2C1_EV_IRQHandler                       0x08000263   Thumb Code     0  startup_stm32l476xx.o(.text)
    I2C2_ER_IRQHandler                       0x08000263   Thumb Code     0  startup_stm32l476xx.o(.text)
    I2C2_EV_IRQHandler                       0x08000263   Thumb Code     0  startup_stm32l476xx.o(.text)
    I2C3_ER_IRQHandler                       0x08000263   Thumb Code     0  startup_stm32l476xx.o(.text)
    I2C3_EV_IRQHandler                       0x08000263   Thumb Code     0  startup_stm32l476xx.o(.text)
    LCD_IRQHandler                           0x08000263   Thumb Code     0  startup_stm32l476xx.o(.text)
    LPTIM1_IRQHandler                        0x08000263   Thumb Code     0  startup_stm32l476xx.o(.text)
    LPTIM2_IRQHandler                        0x08000263   Thumb Code     0  startup_stm32l476xx.o(.text)
    LPUART1_IRQHandler                       0x08000263   Thumb Code     0  startup_stm32l476xx.o(.text)
    OTG_FS_IRQHandler                        0x08000263   Thumb Code     0  startup_stm32l476xx.o(.text)
    PVD_PVM_IRQHandler                       0x08000263   Thumb Code     0  startup_stm32l476xx.o(.text)
    QUADSPI_IRQHandler                       0x08000263   Thumb Code     0  startup_stm32l476xx.o(.text)
    RCC_IRQHandler                           0x08000263   Thumb Code     0  startup_stm32l476xx.o(.text)
    RNG_IRQHandler                           0x08000263   Thumb Code     0  startup_stm32l476xx.o(.text)
    RTC_Alarm_IRQHandler                     0x08000263   Thumb Code     0  startup_stm32l476xx.o(.text)
    RTC_WKUP_IRQHandler                      0x08000263   Thumb Code     0  startup_stm32l476xx.o(.text)
    SAI1_IRQHandler                          0x08000263   Thumb Code     0  startup_stm32l476xx.o(.text)
    SAI2_IRQHandler                          0x08000263   Thumb Code     0  startup_stm32l476xx.o(.text)
    SDMMC1_IRQHandler                        0x08000263   Thumb Code     0  startup_stm32l476xx.o(.text)
    SPI1_IRQHandler                          0x08000263   Thumb Code     0  startup_stm32l476xx.o(.text)
    SPI2_IRQHandler                          0x08000263   Thumb Code     0  startup_stm32l476xx.o(.text)
    SPI3_IRQHandler                          0x08000263   Thumb Code     0  startup_stm32l476xx.o(.text)
    SWPMI1_IRQHandler                        0x08000263   Thumb Code     0  startup_stm32l476xx.o(.text)
    TAMP_STAMP_IRQHandler                    0x08000263   Thumb Code     0  startup_stm32l476xx.o(.text)
    TIM1_BRK_TIM15_IRQHandler                0x08000263   Thumb Code     0  startup_stm32l476xx.o(.text)
    TIM1_CC_IRQHandler                       0x08000263   Thumb Code     0  startup_stm32l476xx.o(.text)
    TIM1_TRG_COM_TIM17_IRQHandler            0x08000263   Thumb Code     0  startup_stm32l476xx.o(.text)
    TIM1_UP_TIM16_IRQHandler                 0x08000263   Thumb Code     0  startup_stm32l476xx.o(.text)
    TIM2_IRQHandler                          0x08000263   Thumb Code     0  startup_stm32l476xx.o(.text)
    TIM3_IRQHandler                          0x08000263   Thumb Code     0  startup_stm32l476xx.o(.text)
    TIM4_IRQHandler                          0x08000263   Thumb Code     0  startup_stm32l476xx.o(.text)
    TIM5_IRQHandler                          0x08000263   Thumb Code     0  startup_stm32l476xx.o(.text)
    TIM6_DAC_IRQHandler                      0x08000263   Thumb Code     0  startup_stm32l476xx.o(.text)
    TIM7_IRQHandler                          0x08000263   Thumb Code     0  startup_stm32l476xx.o(.text)
    TIM8_BRK_IRQHandler                      0x08000263   Thumb Code     0  startup_stm32l476xx.o(.text)
    TIM8_CC_IRQHandler                       0x08000263   Thumb Code     0  startup_stm32l476xx.o(.text)
    TIM8_TRG_COM_IRQHandler                  0x08000263   Thumb Code     0  startup_stm32l476xx.o(.text)
    TIM8_UP_IRQHandler                       0x08000263   Thumb Code     0  startup_stm32l476xx.o(.text)
    TSC_IRQHandler                           0x08000263   Thumb Code     0  startup_stm32l476xx.o(.text)
    UART4_IRQHandler                         0x08000263   Thumb Code     0  startup_stm32l476xx.o(.text)
    UART5_IRQHandler                         0x08000263   Thumb Code     0  startup_stm32l476xx.o(.text)
    USART1_IRQHandler                        0x08000263   Thumb Code     0  startup_stm32l476xx.o(.text)
    USART2_IRQHandler                        0x08000263   Thumb Code     0  startup_stm32l476xx.o(.text)
    USART3_IRQHandler                        0x08000263   Thumb Code     0  startup_stm32l476xx.o(.text)
    WWDG_IRQHandler                          0x08000263   Thumb Code     0  startup_stm32l476xx.o(.text)
    __user_initial_stackheap                 0x08000265   Thumb Code     0  startup_stm32l476xx.o(.text)
    __aeabi_uldivmod                         0x08000289   Thumb Code     0  lludivv7m.o(.text)
    _ll_udiv                                 0x08000289   Thumb Code   240  lludivv7m.o(.text)
    __2sprintf                               0x08000379   Thumb Code    34  noretval__2sprintf.o(.text)
    _printf_int_dec                          0x080003a1   Thumb Code   104  _printf_dec.o(.text)
    __printf                                 0x08000419   Thumb Code   352  __printf_ss_wp.o(.text)
    __use_two_region_memory                  0x08000579   Thumb Code     2  heapauxi.o(.text)
    __rt_heap_escrow$2region                 0x0800057b   Thumb Code     2  heapauxi.o(.text)
    __rt_heap_expand$2region                 0x0800057d   Thumb Code     2  heapauxi.o(.text)
    _printf_int_common                       0x0800057f   Thumb Code   178  _printf_intcommon.o(.text)
    _printf_fp_dec_real                      0x080007e1   Thumb Code   620  _printf_fp_dec.o(.text)
    _printf_char_common                      0x08000a5f   Thumb Code    32  _printf_char_common.o(.text)
    _sputc                                   0x08000a85   Thumb Code    10  _sputc.o(.text)
    __rt_locale                              0x08000a91   Thumb Code     8  rt_locale_intlibspace.o(.text)
    _ll_udiv10                               0x08000a99   Thumb Code   138  lludiv10.o(.text)
    _printf_fp_infnan                        0x08000b25   Thumb Code   112  _printf_fp_infnan.o(.text)
    _btod_etento                             0x08000ba5   Thumb Code   224  bigflt0.o(.text)
    __user_libspace                          0x08000c89   Thumb Code     8  libspace.o(.text)
    __user_perproc_libspace                  0x08000c89   Thumb Code     0  libspace.o(.text)
    __user_perthread_libspace                0x08000c89   Thumb Code     0  libspace.o(.text)
    __user_setup_stackheap                   0x08000c91   Thumb Code    74  sys_stackheap_outer.o(.text)
    exit                                     0x08000cdb   Thumb Code    18  exit.o(.text)
    strcmp                                   0x08000cf1   Thumb Code   124  strcmpv7em.o(.text)
    _sys_exit                                0x08000d6d   Thumb Code     8  sys_exit.o(.text)
    __I$use$semihosting                      0x08000d79   Thumb Code     0  use_no_semi.o(.text)
    __use_no_semihosting_swi                 0x08000d79   Thumb Code     2  use_no_semi.o(.text)
    __semihosting_library_function           0x08000d7b   Thumb Code     0  indicate_semi.o(.text)
    CalcoloTempiLampeggio                    0x08000d81   Thumb Code    72  ultrasuoni.o(.text.CalcoloTempiLampeggio)
    ControlloMisura                          0x08000dc9   Thumb Code    30  ultrasuoni.o(.text.ControlloMisura)
    EXTI0_IRQHandler                         0x08000de9   Thumb Code    24  interrupt.o(.text.EXTI0_IRQHandler)
    EXTI15_10_IRQHandler                     0x08000e01   Thumb Code   102  ultrasuoni.o(.text.EXTI15_10_IRQHandler)
    EXTI1_IRQHandler                         0x08000e69   Thumb Code    24  interrupt.o(.text.EXTI1_IRQHandler)
    EXTI2_IRQHandler                         0x08000e81   Thumb Code    24  interrupt.o(.text.EXTI2_IRQHandler)
    EXTI3_IRQHandler                         0x08000e99   Thumb Code    24  interrupt.o(.text.EXTI3_IRQHandler)
    EXTI9_5_IRQHandler                       0x08000eb1   Thumb Code    28  interrupt.o(.text.EXTI9_5_IRQHandler)
    EchoInterrupt                            0x08000ecd   Thumb Code    86  ultrasuoni.o(.text.EchoInterrupt)
    InterruptInit                            0x08000f25   Thumb Code    24  interrupt.o(.text.InterruptInit)
    LCDClear                                 0x08000f3d   Thumb Code    40  lcd.o(.text.LCDClear)
    LCDClockInit                             0x08000f65   Thumb Code   148  lcd.o(.text.LCDClockInit)
    LCDConfigure                             0x08000ff9   Thumb Code    78  lcd.o(.text.LCDConfigure)
    LCDDisplayString                         0x08001189   Thumb Code    64  lcd.o(.text.LCDDisplayString)
    LCDInit                                  0x080011c9   Thumb Code    20  lcd.o(.text.LCDInit)
    LCDPINInit                               0x080011dd   Thumb Code   316  lcd.o(.text.LCDPINInit)
    LCDWriteChar                             0x08001319   Thumb Code  1260  lcd.o(.text.LCDWriteChar)
    LedGreenCheck                            0x08001805   Thumb Code    16  led.o(.text.LedGreenCheck)
    LedGreenInit                             0x08001815   Thumb Code    42  led.o(.text.LedGreenInit)
    LedGreenOff                              0x08001841   Thumb Code    18  led.o(.text.LedGreenOff)
    LedGreenOn                               0x08001855   Thumb Code    18  led.o(.text.LedGreenOn)
    LedGreenTask                             0x08001869   Thumb Code   100  led.o(.text.LedGreenTask)
    LedGreenToggle                           0x080018cd   Thumb Code    18  led.o(.text.LedGreenToggle)
    LedInit                                  0x080018e1   Thumb Code    12  led.o(.text.LedInit)
    LedRedInit                               0x080018ed   Thumb Code    42  led.o(.text.LedRedInit)
    LedRedOff                                0x08001919   Thumb Code    18  led.o(.text.LedRedOff)
    LedRedOn                                 0x0800192d   Thumb Code    18  led.o(.text.LedRedOn)
    LedRedToggle                             0x08001941   Thumb Code    18  led.o(.text.LedRedToggle)
    PulsInit                                 0x08001955   Thumb Code   188  puls.o(.text.PulsInit)
    Sensore_lampeggio                        0x08001a11   Thumb Code    60  ultrasuoni.o(.text.Sensore_lampeggio)
    StampoValore                             0x08001a4d   Thumb Code    40  ultrasuoni.o(.text.StampoValore)
    SysClockInit                             0x08001a79   Thumb Code    18  sysclock.o(.text.SysClockInit)
    SysTick_Handler                          0x08001aa9   Thumb Code    24  sysclock.o(.text.SysTick_Handler)
    SystemCoreClockUpdate                    0x08001ac1   Thumb Code   190  system_stm32l4xx.o(.text.SystemCoreClockUpdate)
    SystemInit                               0x08001b81   Thumb Code    68  system_stm32l4xx.o(.text.SystemInit)
    TrigCheck                                0x08001bc5   Thumb Code    16  ultrasuoni.o(.text.TrigCheck)
    TrigOff                                  0x08001bd5   Thumb Code    18  ultrasuoni.o(.text.TrigOff)
    TrigOn                                   0x08001be9   Thumb Code    18  ultrasuoni.o(.text.TrigOn)
    TrigTask                                 0x08001bfd   Thumb Code   100  ultrasuoni.o(.text.TrigTask)
    UsInit                                   0x08001c61   Thumb Code    88  ultrasuoni.o(.text.UsInit)
    main                                     0x08001d11   Thumb Code    40  main.o(.text.main)
    micros                                   0x08001d3d   Thumb Code    14  sysclock.o(.text.micros)
    millis                                   0x08001d4d   Thumb Code    26  sysclock.o(.text.millis)
    pllInit                                  0x08001d69   Thumb Code   238  sysclock.o(.text.pllInit)
    setIntPulsPA0                            0x08001e59   Thumb Code    74  interrupt.o(.text.setIntPulsPA0)
    setIntPulsPA1                            0x08001ea5   Thumb Code    74  interrupt.o(.text.setIntPulsPA1)
    setIntPulsPA2                            0x08001ef1   Thumb Code    74  interrupt.o(.text.setIntPulsPA2)
    setIntPulsPA3                            0x08001f3d   Thumb Code    74  interrupt.o(.text.setIntPulsPA3)
    setIntPulsPA5                            0x08001f89   Thumb Code    70  interrupt.o(.text.setIntPulsPA5)
    _btod_d2e                                0x08001fcf   Thumb Code    62  btod.o(CL$$btod_d2e)
    _d2e_denorm_low                          0x0800200d   Thumb Code    70  btod.o(CL$$btod_d2e_denorm_low)
    _d2e_norm_op1                            0x08002053   Thumb Code    96  btod.o(CL$$btod_d2e_norm_op1)
    __btod_div_common                        0x080020b5   Thumb Code   696  btod.o(CL$$btod_div_common)
    _e2e                                     0x080023ed   Thumb Code   220  btod.o(CL$$btod_e2e)
    _btod_ediv                               0x080024c9   Thumb Code    42  btod.o(CL$$btod_ediv)
    _btod_emul                               0x080024f3   Thumb Code    42  btod.o(CL$$btod_emul)
    __btod_mult_common                       0x0800251d   Thumb Code   580  btod.o(CL$$btod_mult_common)
    __ARM_fpclassify                         0x08002761   Thumb Code    48  fpclassify.o(i.__ARM_fpclassify)
    _is_digit                                0x08002791   Thumb Code    14  __printf_wp.o(i._is_digit)
    _get_lc_numeric                          0x080027a1   Thumb Code    44  lc_numeric_c.o(locale$$code)
    __aeabi_d2iz                             0x080027cd   Thumb Code     0  dfix.o(x$fpl$dfix)
    _dfix                                    0x080027cd   Thumb Code    94  dfix.o(x$fpl$dfix)
    __aeabi_i2d                              0x0800282b   Thumb Code     0  dflt_clz.o(x$fpl$dflt)
    _dflt                                    0x0800282b   Thumb Code    46  dflt_clz.o(x$fpl$dflt)
    __aeabi_dmul                             0x08002859   Thumb Code     0  dmul.o(x$fpl$dmul)
    _dmul                                    0x08002859   Thumb Code   332  dmul.o(x$fpl$dmul)
    __fpl_dnaninf                            0x080029ad   Thumb Code   156  dnaninf.o(x$fpl$dnaninf)
    __fpl_dretinf                            0x08002a49   Thumb Code    12  dretinf.o(x$fpl$dretinf)
    _fp_init                                 0x08002a55   Thumb Code    26  fpinit.o(x$fpl$fpinit)
    __fplib_config_fpu_vfp                   0x08002a6d   Thumb Code     0  fpinit.o(x$fpl$fpinit)
    __fplib_config_pureend_doubles           0x08002a6d   Thumb Code     0  fpinit.o(x$fpl$fpinit)
    _printf_fp_dec                           0x08002a6f   Thumb Code     4  printf1.o(x$fpl$printf1)
    __I$use$fp                               0x08002a72   Number         0  usenofp.o(x$fpl$usenofp)
    AHBPrescTable                            0x08002b08   Data          16  system_stm32l4xx.o(.rodata.AHBPrescTable)
    CapLetterMap                             0x08002b18   Data          52  lcd.o(.rodata.CapLetterMap)
    MSIRangeTable                            0x08002b4c   Data          48  system_stm32l4xx.o(.rodata.MSIRangeTable)
    NumberMap                                0x08002b7c   Data          20  lcd.o(.rodata.NumberMap)
    Region$$Table$$Base                      0x08002b90   Number         0  anon$$obj.o(Region$$Table)
    Region$$Table$$Limit                     0x08002bb0   Number         0  anon$$obj.o(Region$$Table)
    SystemCoreClock                          0x20000000   Data           4  system_stm32l4xx.o(.data.SystemCoreClock)
    __libspace_start                         0x20000008   Data          96  libspace.o(.bss)
    __temporary_stack_top$libspace           0x20000068   Data           0  libspace.o(.bss)
    T                                        0x20000074   Data           4  ultrasuoni.o(.bss.T)
    Ton                                      0x20000078   Data           4  ultrasuoni.o(.bss.Ton)
    flag_misura                              0x20000084   Data           4  ultrasuoni.o(.bss.flag_misura)
    misura                                   0x20000088   Data           4  ultrasuoni.o(.bss.misura)
    ticks                                    0x20000090   Data           8  sysclock.o(.bss.ticks)



==============================================================================

Memory Map of the image

  Image Entry point : 0x08000249

  Load Region LR_1 (Base: 0x08000000, Size: 0x00002bd0, Max: 0xffffffff, ABSOLUTE)

    Execution Region ER_RO (Exec base: 0x08000000, Load base: 0x08000000, Size: 0x00002bcc, Max: 0xffffffff, ABSOLUTE)

    Exec Addr    Load Addr    Size         Type   Attr      Idx    E Section Name        Object

    0x08000000   0x08000000   0x00000188   Data   RO          264    RESET               startup_stm32l476xx.o
    0x08000188   0x08000188   0x00000008   Code   RO          326  * !!!main             c_w.l(__main.o)
    0x08000190   0x08000190   0x00000034   Code   RO          580    !!!scatter          c_w.l(__scatter.o)
    0x080001c4   0x080001c4   0x0000001a   Code   RO          582    !!handler_copy      c_w.l(__scatter_copy.o)
    0x080001de   0x080001de   0x00000002   PAD
    0x080001e0   0x080001e0   0x0000001c   Code   RO          584    !!handler_zi        c_w.l(__scatter_zi.o)
    0x080001fc   0x080001fc   0x00000000   Code   RO          321    .ARM.Collect$$_printf_percent$$00000000  c_w.l(_printf_percent.o)
    0x080001fc   0x080001fc   0x00000006   Code   RO          320    .ARM.Collect$$_printf_percent$$00000003  c_w.l(_printf_f.o)
    0x08000202   0x08000202   0x00000006   Code   RO          319    .ARM.Collect$$_printf_percent$$00000009  c_w.l(_printf_d.o)
    0x08000208   0x08000208   0x00000004   Code   RO          357    .ARM.Collect$$_printf_percent$$00000017  c_w.l(_printf_percent_end.o)
    0x0800020c   0x0800020c   0x00000002   Code   RO          445    .ARM.Collect$$libinit$$00000000  c_w.l(libinit.o)
    0x0800020e   0x0800020e   0x00000004   Code   RO          446    .ARM.Collect$$libinit$$00000001  c_w.l(libinit2.o)
    0x08000212   0x08000212   0x00000000   Code   RO          449    .ARM.Collect$$libinit$$00000004  c_w.l(libinit2.o)
    0x08000212   0x08000212   0x00000000   Code   RO          452    .ARM.Collect$$libinit$$0000000A  c_w.l(libinit2.o)
    0x08000212   0x08000212   0x00000000   Code   RO          454    .ARM.Collect$$libinit$$0000000C  c_w.l(libinit2.o)
    0x08000212   0x08000212   0x00000000   Code   RO          456    .ARM.Collect$$libinit$$0000000E  c_w.l(libinit2.o)
    0x08000212   0x08000212   0x00000006   Code   RO          457    .ARM.Collect$$libinit$$0000000F  c_w.l(libinit2.o)
    0x08000218   0x08000218   0x00000000   Code   RO          459    .ARM.Collect$$libinit$$00000011  c_w.l(libinit2.o)
    0x08000218   0x08000218   0x00000000   Code   RO          461    .ARM.Collect$$libinit$$00000013  c_w.l(libinit2.o)
    0x08000218   0x08000218   0x00000000   Code   RO          463    .ARM.Collect$$libinit$$00000015  c_w.l(libinit2.o)
    0x08000218   0x08000218   0x0000000a   Code   RO          464    .ARM.Collect$$libinit$$00000016  c_w.l(libinit2.o)
    0x08000222   0x08000222   0x00000000   Code   RO          465    .ARM.Collect$$libinit$$00000017  c_w.l(libinit2.o)
    0x08000222   0x08000222   0x00000000   Code   RO          467    .ARM.Collect$$libinit$$00000019  c_w.l(libinit2.o)
    0x08000222   0x08000222   0x00000000   Code   RO          469    .ARM.Collect$$libinit$$0000001B  c_w.l(libinit2.o)
    0x08000222   0x08000222   0x00000000   Code   RO          471    .ARM.Collect$$libinit$$0000001D  c_w.l(libinit2.o)
    0x08000222   0x08000222   0x00000000   Code   RO          473    .ARM.Collect$$libinit$$0000001F  c_w.l(libinit2.o)
    0x08000222   0x08000222   0x00000000   Code   RO          475    .ARM.Collect$$libinit$$00000021  c_w.l(libinit2.o)
    0x08000222   0x08000222   0x00000000   Code   RO          477    .ARM.Collect$$libinit$$00000023  c_w.l(libinit2.o)
    0x08000222   0x08000222   0x00000000   Code   RO          479    .ARM.Collect$$libinit$$00000025  c_w.l(libinit2.o)
    0x08000222   0x08000222   0x00000000   Code   RO          483    .ARM.Collect$$libinit$$0000002C  c_w.l(libinit2.o)
    0x08000222   0x08000222   0x00000000   Code   RO          485    .ARM.Collect$$libinit$$0000002E  c_w.l(libinit2.o)
    0x08000222   0x08000222   0x00000000   Code   RO          487    .ARM.Collect$$libinit$$00000030  c_w.l(libinit2.o)
    0x08000222   0x08000222   0x00000000   Code   RO          489    .ARM.Collect$$libinit$$00000032  c_w.l(libinit2.o)
    0x08000222   0x08000222   0x00000002   Code   RO          490    .ARM.Collect$$libinit$$00000033  c_w.l(libinit2.o)
    0x08000224   0x08000224   0x00000002   Code   RO          545    .ARM.Collect$$libshutdown$$00000000  c_w.l(libshutdown.o)
    0x08000226   0x08000226   0x00000000   Code   RO          563    .ARM.Collect$$libshutdown$$00000002  c_w.l(libshutdown2.o)
    0x08000226   0x08000226   0x00000000   Code   RO          565    .ARM.Collect$$libshutdown$$00000004  c_w.l(libshutdown2.o)
    0x08000226   0x08000226   0x00000000   Code   RO          568    .ARM.Collect$$libshutdown$$00000007  c_w.l(libshutdown2.o)
    0x08000226   0x08000226   0x00000000   Code   RO          571    .ARM.Collect$$libshutdown$$0000000A  c_w.l(libshutdown2.o)
    0x08000226   0x08000226   0x00000000   Code   RO          573    .ARM.Collect$$libshutdown$$0000000C  c_w.l(libshutdown2.o)
    0x08000226   0x08000226   0x00000000   Code   RO          576    .ARM.Collect$$libshutdown$$0000000F  c_w.l(libshutdown2.o)
    0x08000226   0x08000226   0x00000002   Code   RO          577    .ARM.Collect$$libshutdown$$00000010  c_w.l(libshutdown2.o)
    0x08000228   0x08000228   0x00000000   Code   RO          342    .ARM.Collect$$rtentry$$00000000  c_w.l(__rtentry.o)
    0x08000228   0x08000228   0x00000000   Code   RO          364    .ARM.Collect$$rtentry$$00000002  c_w.l(__rtentry2.o)
    0x08000228   0x08000228   0x00000006   Code   RO          376    .ARM.Collect$$rtentry$$00000004  c_w.l(__rtentry4.o)
    0x0800022e   0x0800022e   0x00000000   Code   RO          366    .ARM.Collect$$rtentry$$00000009  c_w.l(__rtentry2.o)
    0x0800022e   0x0800022e   0x00000004   Code   RO          367    .ARM.Collect$$rtentry$$0000000A  c_w.l(__rtentry2.o)
    0x08000232   0x08000232   0x00000000   Code   RO          369    .ARM.Collect$$rtentry$$0000000C  c_w.l(__rtentry2.o)
    0x08000232   0x08000232   0x00000008   Code   RO          370    .ARM.Collect$$rtentry$$0000000D  c_w.l(__rtentry2.o)
    0x0800023a   0x0800023a   0x00000002   Code   RO          491    .ARM.Collect$$rtexit$$00000000  c_w.l(rtexit.o)
    0x0800023c   0x0800023c   0x00000000   Code   RO          510    .ARM.Collect$$rtexit$$00000002  c_w.l(rtexit2.o)
    0x0800023c   0x0800023c   0x00000004   Code   RO          511    .ARM.Collect$$rtexit$$00000003  c_w.l(rtexit2.o)
    0x08000240   0x08000240   0x00000006   Code   RO          512    .ARM.Collect$$rtexit$$00000004  c_w.l(rtexit2.o)
    0x08000246   0x08000246   0x00000002   PAD
    0x08000248   0x08000248   0x00000040   Code   RO          265  * .text               startup_stm32l476xx.o
    0x08000288   0x08000288   0x000000f0   Code   RO          289    .text               c_w.l(lludivv7m.o)
    0x08000378   0x08000378   0x00000028   Code   RO          293    .text               c_w.l(noretval__2sprintf.o)
    0x080003a0   0x080003a0   0x00000078   Code   RO          297    .text               c_w.l(_printf_dec.o)
    0x08000418   0x08000418   0x00000160   Code   RO          314    .text               c_w.l(__printf_ss_wp.o)
    0x08000578   0x08000578   0x00000006   Code   RO          324    .text               c_w.l(heapauxi.o)
    0x0800057e   0x0800057e   0x000000b2   Code   RO          347    .text               c_w.l(_printf_intcommon.o)
    0x08000630   0x08000630   0x00000422   Code   RO          349    .text               c_w.l(_printf_fp_dec.o)
    0x08000a52   0x08000a52   0x00000002   PAD
    0x08000a54   0x08000a54   0x00000030   Code   RO          353    .text               c_w.l(_printf_char_common.o)
    0x08000a84   0x08000a84   0x0000000a   Code   RO          355    .text               c_w.l(_sputc.o)
    0x08000a8e   0x08000a8e   0x00000002   PAD
    0x08000a90   0x08000a90   0x00000008   Code   RO          383    .text               c_w.l(rt_locale_intlibspace.o)
    0x08000a98   0x08000a98   0x0000008a   Code   RO          385    .text               c_w.l(lludiv10.o)
    0x08000b22   0x08000b22   0x00000002   PAD
    0x08000b24   0x08000b24   0x00000080   Code   RO          387    .text               c_w.l(_printf_fp_infnan.o)
    0x08000ba4   0x08000ba4   0x000000e4   Code   RO          391    .text               c_w.l(bigflt0.o)
    0x08000c88   0x08000c88   0x00000008   Code   RO          425    .text               c_w.l(libspace.o)
    0x08000c90   0x08000c90   0x0000004a   Code   RO          428    .text               c_w.l(sys_stackheap_outer.o)
    0x08000cda   0x08000cda   0x00000012   Code   RO          432    .text               c_w.l(exit.o)
    0x08000cec   0x08000cec   0x00000004   PAD
    0x08000cf0   0x08000cf0   0x0000007c   Code   RO          438    .text               c_w.l(strcmpv7em.o)
    0x08000d6c   0x08000d6c   0x0000000c   Code   RO          505    .text               c_w.l(sys_exit.o)
    0x08000d78   0x08000d78   0x00000002   Code   RO          532    .text               c_w.l(use_no_semi.o)
    0x08000d7a   0x08000d7a   0x00000000   Code   RO          534    .text               c_w.l(indicate_semi.o)
    0x08000d7a   0x08000d7a   0x00000006   PAD
    0x08000d80   0x08000d80   0x00000048   Code   RO          244    .text.CalcoloTempiLampeggio  ultrasuoni.o
    0x08000dc8   0x08000dc8   0x0000001e   Code   RO          242    .text.ControlloMisura  ultrasuoni.o
    0x08000de6   0x08000de6   0x00000002   PAD
    0x08000de8   0x08000de8   0x00000018   Code   RO           29    .text.EXTI0_IRQHandler  interrupt.o
    0x08000e00   0x08000e00   0x00000066   Code   RO          238    .text.EXTI15_10_IRQHandler  ultrasuoni.o
    0x08000e66   0x08000e66   0x00000002   PAD
    0x08000e68   0x08000e68   0x00000018   Code   RO           31    .text.EXTI1_IRQHandler  interrupt.o
    0x08000e80   0x08000e80   0x00000018   Code   RO           33    .text.EXTI2_IRQHandler  interrupt.o
    0x08000e98   0x08000e98   0x00000018   Code   RO           35    .text.EXTI3_IRQHandler  interrupt.o
    0x08000eb0   0x08000eb0   0x0000001c   Code   RO           37    .text.EXTI9_5_IRQHandler  interrupt.o
    0x08000ecc   0x08000ecc   0x00000056   Code   RO          224    .text.EchoInterrupt  ultrasuoni.o
    0x08000f22   0x08000f22   0x00000002   PAD
    0x08000f24   0x08000f24   0x00000018   Code   RO           13    .text.InterruptInit  interrupt.o
    0x08000f3c   0x08000f3c   0x00000028   Code   RO           57    .text.LCDClear      lcd.o
    0x08000f64   0x08000f64   0x00000094   Code   RO           73    .text.LCDClockInit  lcd.o
    0x08000ff8   0x08000ff8   0x0000004e   Code   RO           61    .text.LCDConfigure  lcd.o
    0x08001046   0x08001046   0x00000002   PAD
    0x08001048   0x08001048   0x0000013e   Code   RO           81    .text.LCDConvCharSeg  lcd.o
    0x08001186   0x08001186   0x00000002   PAD
    0x08001188   0x08001188   0x00000040   Code   RO           51    .text.LCDDisplayString  lcd.o
    0x080011c8   0x080011c8   0x00000014   Code   RO           71    .text.LCDInit       lcd.o
    0x080011dc   0x080011dc   0x0000013c   Code   RO           49    .text.LCDPINInit    lcd.o
    0x08001318   0x08001318   0x000004ec   Code   RO           53    .text.LCDWriteChar  lcd.o
    0x08001804   0x08001804   0x00000010   Code   RO          126    .text.LedGreenCheck  led.o
    0x08001814   0x08001814   0x0000002a   Code   RO          100    .text.LedGreenInit  led.o
    0x0800183e   0x0800183e   0x00000002   PAD
    0x08001840   0x08001840   0x00000012   Code   RO          122    .text.LedGreenOff   led.o
    0x08001852   0x08001852   0x00000002   PAD
    0x08001854   0x08001854   0x00000012   Code   RO          106    .text.LedGreenOn    led.o
    0x08001866   0x08001866   0x00000002   PAD
    0x08001868   0x08001868   0x00000064   Code   RO          128    .text.LedGreenTask  led.o
    0x080018cc   0x080018cc   0x00000012   Code   RO          124    .text.LedGreenToggle  led.o
    0x080018de   0x080018de   0x00000002   PAD
    0x080018e0   0x080018e0   0x0000000c   Code   RO           96    .text.LedInit       led.o
    0x080018ec   0x080018ec   0x0000002a   Code   RO           98    .text.LedRedInit    led.o
    0x08001916   0x08001916   0x00000002   PAD
    0x08001918   0x08001918   0x00000012   Code   RO          114    .text.LedRedOff     led.o
    0x0800192a   0x0800192a   0x00000002   PAD
    0x0800192c   0x0800192c   0x00000012   Code   RO          104    .text.LedRedOn      led.o
    0x0800193e   0x0800193e   0x00000002   PAD
    0x08001940   0x08001940   0x00000012   Code   RO          116    .text.LedRedToggle  led.o
    0x08001952   0x08001952   0x00000002   PAD
    0x08001954   0x08001954   0x000000bc   Code   RO          151    .text.PulsInit      puls.o
    0x08001a10   0x08001a10   0x0000003c   Code   RO          246    .text.Sensore_lampeggio  ultrasuoni.o
    0x08001a4c   0x08001a4c   0x0000002c   Code   RO          240    .text.StampoValore  ultrasuoni.o
    0x08001a78   0x08001a78   0x00000012   Code   RO          185    .text.SysClockInit  sysclock.o
    0x08001a8a   0x08001a8a   0x00000002   PAD
    0x08001a8c   0x08001a8c   0x0000001c   Code   RO          187    .text.SysTick_Config  sysclock.o
    0x08001aa8   0x08001aa8   0x00000018   Code   RO          189    .text.SysTick_Handler  sysclock.o
    0x08001ac0   0x08001ac0   0x000000be   Code   RO          274    .text.SystemCoreClockUpdate  system_stm32l4xx.o
    0x08001b7e   0x08001b7e   0x00000002   PAD
    0x08001b80   0x08001b80   0x00000044   Code   RO          272    .text.SystemInit    system_stm32l4xx.o
    0x08001bc4   0x08001bc4   0x00000010   Code   RO          230    .text.TrigCheck     ultrasuoni.o
    0x08001bd4   0x08001bd4   0x00000012   Code   RO          228    .text.TrigOff       ultrasuoni.o
    0x08001be6   0x08001be6   0x00000002   PAD
    0x08001be8   0x08001be8   0x00000012   Code   RO          226    .text.TrigOn        ultrasuoni.o
    0x08001bfa   0x08001bfa   0x00000002   PAD
    0x08001bfc   0x08001bfc   0x00000064   Code   RO          232    .text.TrigTask      ultrasuoni.o
    0x08001c60   0x08001c60   0x00000058   Code   RO          222    .text.UsInit        ultrasuoni.o
    0x08001cb8   0x08001cb8   0x00000016   Code   RO           27    .text.__NVIC_EnableIRQ  interrupt.o
    0x08001cce   0x08001cce   0x00000002   PAD
    0x08001cd0   0x08001cd0   0x00000010   Code   RO          236    .text.__NVIC_EnableIRQ  ultrasuoni.o
    0x08001ce0   0x08001ce0   0x00000010   Code   RO           25    .text.__NVIC_SetPriority  interrupt.o
    0x08001cf0   0x08001cf0   0x0000000e   Code   RO          199    .text.__NVIC_SetPriority  sysclock.o
    0x08001cfe   0x08001cfe   0x00000002   PAD
    0x08001d00   0x08001d00   0x0000000e   Code   RO          234    .text.__NVIC_SetPriority  ultrasuoni.o
    0x08001d0e   0x08001d0e   0x00000002   PAD
    0x08001d10   0x08001d10   0x0000002c   Code   RO          142    .text.main          main.o
    0x08001d3c   0x08001d3c   0x0000000e   Code   RO          191    .text.micros        sysclock.o
    0x08001d4a   0x08001d4a   0x00000002   PAD
    0x08001d4c   0x08001d4c   0x0000001a   Code   RO          195    .text.millis        sysclock.o
    0x08001d66   0x08001d66   0x00000002   PAD
    0x08001d68   0x08001d68   0x000000ee   Code   RO          183    .text.pllInit       sysclock.o
    0x08001e56   0x08001e56   0x00000002   PAD
    0x08001e58   0x08001e58   0x0000004a   Code   RO           15    .text.setIntPulsPA0  interrupt.o
    0x08001ea2   0x08001ea2   0x00000002   PAD
    0x08001ea4   0x08001ea4   0x0000004a   Code   RO           17    .text.setIntPulsPA1  interrupt.o
    0x08001eee   0x08001eee   0x00000002   PAD
    0x08001ef0   0x08001ef0   0x0000004a   Code   RO           19    .text.setIntPulsPA2  interrupt.o
    0x08001f3a   0x08001f3a   0x00000002   PAD
    0x08001f3c   0x08001f3c   0x0000004a   Code   RO           21    .text.setIntPulsPA3  interrupt.o
    0x08001f86   0x08001f86   0x00000002   PAD
    0x08001f88   0x08001f88   0x00000046   Code   RO           23    .text.setIntPulsPA5  interrupt.o
    0x08001fce   0x08001fce   0x0000003e   Code   RO          394    CL$$btod_d2e        c_w.l(btod.o)
    0x0800200c   0x0800200c   0x00000046   Code   RO          396    CL$$btod_d2e_denorm_low  c_w.l(btod.o)
    0x08002052   0x08002052   0x00000060   Code   RO          395    CL$$btod_d2e_norm_op1  c_w.l(btod.o)
    0x080020b2   0x080020b2   0x00000002   PAD
    0x080020b4   0x080020b4   0x00000338   Code   RO          404    CL$$btod_div_common  c_w.l(btod.o)
    0x080023ec   0x080023ec   0x000000dc   Code   RO          401    CL$$btod_e2e        c_w.l(btod.o)
    0x080024c8   0x080024c8   0x0000002a   Code   RO          398    CL$$btod_ediv       c_w.l(btod.o)
    0x080024f2   0x080024f2   0x0000002a   Code   RO          397    CL$$btod_emul       c_w.l(btod.o)
    0x0800251c   0x0800251c   0x00000244   Code   RO          403    CL$$btod_mult_common  c_w.l(btod.o)
    0x08002760   0x08002760   0x00000030   Code   RO          423    i.__ARM_fpclassify  m_wm.l(fpclassify.o)
    0x08002790   0x08002790   0x0000000e   Code   RO          309    i._is_digit         c_w.l(__printf_wp.o)
    0x0800279e   0x0800279e   0x00000002   PAD
    0x080027a0   0x080027a0   0x0000002c   Code   RO          419    locale$$code        c_w.l(lc_numeric_c.o)
    0x080027cc   0x080027cc   0x0000005e   Code   RO          328    x$fpl$dfix          fz_wm.l(dfix.o)
    0x0800282a   0x0800282a   0x0000002e   Code   RO          333    x$fpl$dflt          fz_wm.l(dflt_clz.o)
    0x08002858   0x08002858   0x00000154   Code   RO          338    x$fpl$dmul          fz_wm.l(dmul.o)
    0x080029ac   0x080029ac   0x0000009c   Code   RO          358    x$fpl$dnaninf       fz_wm.l(dnaninf.o)
    0x08002a48   0x08002a48   0x0000000c   Code   RO          360    x$fpl$dretinf       fz_wm.l(dretinf.o)
    0x08002a54   0x08002a54   0x0000001a   Code   RO          503    x$fpl$fpinit        fz_wm.l(fpinit.o)
    0x08002a6e   0x08002a6e   0x00000004   Code   RO          340    x$fpl$printf1       fz_wm.l(printf1.o)
    0x08002a72   0x08002a72   0x00000000   Code   RO          362    x$fpl$usenofp       fz_wm.l(usenofp.o)
    0x08002a72   0x08002a72   0x00000002   PAD
    0x08002a74   0x08002a74   0x00000094   Data   RO          392    .constdata          c_w.l(bigflt0.o)
    0x08002b08   0x08002b08   0x00000010   Data   RO          277    .rodata.AHBPrescTable  system_stm32l4xx.o
    0x08002b18   0x08002b18   0x00000034   Data   RO           85    .rodata.CapLetterMap  lcd.o
    0x08002b4c   0x08002b4c   0x00000030   Data   RO          279    .rodata.MSIRangeTable  system_stm32l4xx.o
    0x08002b7c   0x08002b7c   0x00000014   Data   RO           86    .rodata.NumberMap   lcd.o
    0x08002b90   0x08002b90   0x00000020   Data   RO          579    Region$$Table       anon$$obj.o
    0x08002bb0   0x08002bb0   0x0000001c   Data   RO          418    locale$$data        c_w.l(lc_numeric_c.o)


    Execution Region ER_RW (Exec base: 0x20000000, Load base: 0x08002bcc, Size: 0x00000004, Max: 0xffffffff, ABSOLUTE)

    Exec Addr    Load Addr    Size         Type   Attr      Idx    E Section Name        Object

    0x20000000   0x08002bcc   0x00000004   Data   RW          276    .data.SystemCoreClock  system_stm32l4xx.o


    Execution Region ER_ZI (Exec base: 0x20000008, Load base: 0x08002bd0, Size: 0x00000690, Max: 0xffffffff, ABSOLUTE)

    Exec Addr    Load Addr    Size         Type   Attr      Idx    E Section Name        Object

    0x20000008        -       0x00000060   Zero   RW          426    .bss                c_w.l(libspace.o)
    0x20000068        -       0x00000004   Zero   RW          250    .bss.EXTI15_10_IRQHandler.time  ultrasuoni.o
    0x2000006c        -       0x00000001   Zero   RW          133    .bss.LedGreenTask.inizio  led.o
    0x2000006d   0x08002bd0   0x00000003   PAD
    0x20000070        -       0x00000004   Zero   RW          132    .bss.LedGreenTask.tiniziale  led.o
    0x20000074        -       0x00000004   Zero   RW          254    .bss.T              ultrasuoni.o
    0x20000078        -       0x00000004   Zero   RW          253    .bss.Ton            ultrasuoni.o
    0x2000007c        -       0x00000001   Zero   RW          249    .bss.TrigTask.inizio  ultrasuoni.o
    0x2000007d   0x08002bd0   0x00000003   PAD
    0x20000080        -       0x00000004   Zero   RW          248    .bss.TrigTask.tiniziale  ultrasuoni.o
    0x20000084        -       0x00000004   Zero   RW          252    .bss.flag_misura    ultrasuoni.o
    0x20000088        -       0x00000004   Zero   RW          251    .bss.misura         ultrasuoni.o
    0x2000008c   0x08002bd0   0x00000004   PAD
    0x20000090        -       0x00000008   Zero   RW          201    .bss.ticks          sysclock.o
    0x20000098        -       0x00000200   Zero   RW          263    HEAP                startup_stm32l476xx.o
    0x20000298        -       0x00000400   Zero   RW          262    STACK               startup_stm32l476xx.o


==============================================================================

Image component sizes


      Code (inc. data)   RO Data    RW Data    ZI Data      Debug   Object Name

       552          0          0          0          0       5565   interrupt.o
      2244         92         72          0          0       8176   lcd.o
       320          0          0          0          5       4504   led.o
        44          4          0          0          0        550   main.o
       188          0          0          0          0       3398   puls.o
        64         26        392          0       1536        952   startup_stm32l476xx.o
       362          0          0          0          8       6574   sysclock.o
       258          4         64          4          0       3151   system_stm32l4xx.o
       664         12          0          0         25       7207   ultrasuoni.o

    ----------------------------------------------------------------------
      4750        138        560          4       1584      40077   Object Totals
         0          0         32          0          0          0   (incl. Generated)
        54          0          0          0         10          0   (incl. Padding)

    ----------------------------------------------------------------------

      Code (inc. data)   RO Data    RW Data    ZI Data      Debug   Library Member Name

         8          0          0          0          0         68   __main.o
       352          0          0          0          0         88   __printf_ss_wp.o
        14          0          0          0          0         68   __printf_wp.o
         0          0          0          0          0          0   __rtentry.o
        12          0          0          0          0          0   __rtentry2.o
         6          0          0          0          0          0   __rtentry4.o
        52          8          0          0          0          0   __scatter.o
        26          0          0          0          0          0   __scatter_copy.o
        28          0          0          0          0          0   __scatter_zi.o
        48          6          0          0          0         96   _printf_char_common.o
         6          0          0          0          0          0   _printf_d.o
       120         16          0          0          0         92   _printf_dec.o
         6          0          0          0          0          0   _printf_f.o
      1058          0          0          0          0        148   _printf_fp_dec.o
       128         16          0          0          0         84   _printf_fp_infnan.o
       178          0          0          0          0         88   _printf_intcommon.o
         0          0          0          0          0          0   _printf_percent.o
         4          0          0          0          0          0   _printf_percent_end.o
        10          0          0          0          0         68   _sputc.o
       228          4        148          0          0         96   bigflt0.o
      1936        128          0          0          0        668   btod.o
        18          0          0          0          0         80   exit.o
         6          0          0          0          0        152   heapauxi.o
         0          0          0          0          0          0   indicate_semi.o
        44         10         28          0          0         76   lc_numeric_c.o
         2          0          0          0          0          0   libinit.o
        22          0          0          0          0          0   libinit2.o
         2          0          0          0          0          0   libshutdown.o
         2          0          0          0          0          0   libshutdown2.o
         8          4          0          0         96         68   libspace.o
       138          0          0          0          0         80   lludiv10.o
       240          0          0          0          0        100   lludivv7m.o
        40          6          0          0          0         84   noretval__2sprintf.o
         8          4          0          0          0         68   rt_locale_intlibspace.o
         2          0          0          0          0          0   rtexit.o
        10          0          0          0          0          0   rtexit2.o
       124          0          0          0          0         88   strcmpv7em.o
        12          4          0          0          0         68   sys_exit.o
        74          0          0          0          0         80   sys_stackheap_outer.o
         2          0          0          0          0         68   use_no_semi.o
        94          4          0          0          0        140   dfix.o
        46          0          0          0          0        116   dflt_clz.o
       340         12          0          0          0        152   dmul.o
       156          4          0          0          0        140   dnaninf.o
        12          0          0          0          0        116   dretinf.o
        26          0          0          0          0        116   fpinit.o
         4          0          0          0          0        116   printf1.o
         0          0          0          0          0          0   usenofp.o
        48          0          0          0          0        124   fpclassify.o

    ----------------------------------------------------------------------
      5726        226        176          0         96       3596   Library Totals
        26          0          0          0          0          0   (incl. Padding)

    ----------------------------------------------------------------------

      Code (inc. data)   RO Data    RW Data    ZI Data      Debug   Library Name

      4974        206        176          0         96       2576   c_w.l
       678         20          0          0          0        896   fz_wm.l
        48          0          0          0          0        124   m_wm.l

    ----------------------------------------------------------------------
      5726        226        176          0         96       3596   Library Totals

    ----------------------------------------------------------------------

==============================================================================


      Code (inc. data)   RO Data    RW Data    ZI Data      Debug   

     10476        364        736          4       1680      41581   Grand Totals
     10476        364        736          4       1680      41581   ELF Image Totals
     10476        364        736          4          0          0   ROM Totals

==============================================================================

    Total RO  Size (Code + RO Data)                11212 (  10.95kB)
    Total RW  Size (RW Data + ZI Data)              1684 (   1.64kB)
    Total ROM Size (Code + RO Data + RW Data)      11216 (  10.95kB)

==============================================================================

