<html>
<body>
<pre>
<h1>µVision Build Log</h1>
<h2>Tool Versions:</h2>
IDE-Version: µVision V5.36.0.0
Copyright (C) 2021 ARM Ltd and ARM Germany GmbH. All rights reserved.
License Information: LabGV LabGV, Erasmo, LIC=----
 
Tool Versions:
Toolchain:       MDK-Lite  Version: 5.36.0.0
Toolchain Path:  C:\Keil_v5\ARM\ARMCLANG\Bin
C Compiler:      ArmClang.exe V6.16
Assembler:       Armasm.exe V6.16
Linker/Locator:  ArmLink.exe V6.16
Library Manager: ArmAr.exe V6.16
Hex Converter:   FromElf.exe V6.16
CPU DLL:         SARMCM3.DLL V5.36.0.0
Dialog DLL:      DCM.DLL V1.17.3.0
Target DLL:      STLink\ST-LINKIII-KEIL_SWO.dll V3.0.9.0
Dialog DLL:      TCM.DLL V1.53.0.0
 
<h2>Project:</h2>
C:\Users\alessandro.restelli\Desktop\GPOI\Es-04 Sensore a ultrasuoni-20211130T112420Z-001\Es-04 Sensore a ultrasuoni\MDK\Progetto.uvprojx
Project File Date:  02/01/2022

<h2>Output:</h2>
*** Using Compiler 'V6.16', folder: 'C:\Keil_v5\ARM\ARMCLANG\Bin'
Build target 'Target 1'
compiling AppSensoreParcheggio.c...
compiling main.c...
compiling interrupt.c...
compiling led.c...
../LCD.c(346): warning: using the result of an assignment as a condition without parentheses [-Wparentheses]
  if (BAR0_ON){
      ^~~~~~~
../LCD.c(76): note: expanded from macro 'BAR0_ON'
#define BAR0_ON  t_bar[1] |= 8
                 ~~~~~~~~~^~~~
../LCD.c(346): note: place parentheses around the assignment to silence this warning
  if (BAR0_ON){
      ^
      (      )
../LCD.c(76): note: expanded from macro 'BAR0_ON'
#define BAR0_ON  t_bar[1] |= 8
                          ^
../LCD.c(346): note: use '!=' to turn this compound assignment into an inequality comparison
../LCD.c(76): note: expanded from macro 'BAR0_ON'
#define BAR0_ON  t_bar[1] |= 8
                          ^
../LCD.c(349): warning: using the result of an assignment as a condition without parentheses [-Wparentheses]
  if (BAR1_ON){
      ^~~~~~~
../LCD.c(78): note: expanded from macro 'BAR1_ON'
#define BAR1_ON  t_bar[0] |= 8
                 ~~~~~~~~~^~~~
../LCD.c(349): note: place parentheses around the assignment to silence this warning
  if (BAR1_ON){
      ^
      (      )
../LCD.c(78): note: expanded from macro 'BAR1_ON'
#define BAR1_ON  t_bar[0] |= 8
                          ^
../LCD.c(349): note: use '!=' to turn this compound assignment into an inequality comparison
../LCD.c(78): note: expanded from macro 'BAR1_ON'
#define BAR1_ON  t_bar[0] |= 8
                          ^
../LCD.c(352): warning: using the result of an assignment as a condition without parentheses [-Wparentheses]
        if (BAR2_ON){
            ^~~~~~~
../LCD.c(80): note: expanded from macro 'BAR2_ON'
#define BAR2_ON  t_bar[1] |= 2
                 ~~~~~~~~~^~~~
../LCD.c(352): note: place parentheses around the assignment to silence this warning
        if (BAR2_ON){
            ^
            (      )
../LCD.c(80): note: expanded from macro 'BAR2_ON'
#define BAR2_ON  t_bar[1] |= 2
                          ^
../LCD.c(352): note: use '!=' to turn this compound assignment into an inequality comparison
../LCD.c(80): note: expanded from macro 'BAR2_ON'
#define BAR2_ON  t_bar[1] |= 2
                          ^
../LCD.c(355): warning: using the result of an assignment as a condition without parentheses [-Wparentheses]
  if (BAR1_ON){
      ^~~~~~~
../LCD.c(78): note: expanded from macro 'BAR1_ON'
#define BAR1_ON  t_bar[0] |= 8
                 ~~~~~~~~~^~~~
../LCD.c(355): note: place parentheses around the assignment to silence this warning
  if (BAR1_ON){
      ^
      (      )
../LCD.c(78): note: expanded from macro 'BAR1_ON'
#define BAR1_ON  t_bar[0] |= 8
                          ^
../LCD.c(355): note: use '!=' to turn this compound assignment into an inequality comparison
../LCD.c(78): note: expanded from macro 'BAR1_ON'
#define BAR1_ON  t_bar[0] |= 8
                          ^
../LCD.c(676): warning: format specifies type 'double' but the argument has type 'int' [-Wformat]
        sprintf(time,"%.lf",t);
                      ~~~~  ^
                      %d
../LCD.c(676): warning: 'sprintf' will always overflow; destination buffer has size 6, but format string expands to at least 9 [-Wfortify-source]
        sprintf(time,"%.lf",t);
        ^
6 warnings generated.
compiling LCD.c...
compiling puls.c...
compiling SysTick.c...
compiling SysClock.c...
compiling Ultrasuoni.c...
assembling startup_stm32l476xx.s...
compiling system_stm32l4xx.c...
linking...
Program Size: Code=10476 RO-data=736 RW-data=4 ZI-data=1680  
".\Objects\Progetto.axf" - 0 Error(s), 6 Warning(s).

<h2>Software Packages used:</h2>

Package Vendor: ARM
                http://www.keil.com/pack/ARM.CMSIS.5.8.0.pack
                ARM.CMSIS.5.8.0
                CMSIS (Common Microcontroller Software Interface Standard)
   * Component: CORE Version: 5.5.0

Package Vendor: Keil
                http://www.keil.com/pack/Keil.STM32L4xx_DFP.2.6.1.pack
                Keil.STM32L4xx_DFP.2.6.1
                STMicroelectronics STM32L4 Series Device Support, Drivers and Examples
   * Component: Startup Version: 1.3.1

<h2>Collection of Component include folders:</h2>
  .\RTE\_Target_1
  C:\Keil_v5\Backup.002\ARM\PACK\ARM\CMSIS\5.8.0\CMSIS\Core\Include
  C:\Keil_v5\Backup.002\ARM\PACK\Keil\STM32L4xx_DFP\2.6.1\Drivers\CMSIS\Device\ST\STM32L4xx\Include

<h2>Collection of Component Files used:</h2>

   * Component: ARM::CMSIS:CORE:5.5.0

   * Component: Keil::Device:Startup:1.3.1
      Source file:   Drivers\CMSIS\Device\ST\STM32L4xx\Source\Templates\arm\startup_stm32l476xx.s
      Source file:   MDK\Device\Source\ARM\STM32L4xx_DB_OPT.s
      Include file:  Drivers\CMSIS\Device\ST\STM32L4xx\Include\stm32l4xx.h
      Source file:   Drivers\CMSIS\Device\ST\STM32L4xx\Source\Templates\system_stm32l4xx.c
Build Time Elapsed:  00:00:00
</pre>
</body>
</html>
